<html>
<body>
<pre>
<h1>µVision Build Log</h1>
<h2>Tool Versions:</h2>
IDE-Version: µVision V5.23.0.0
Copyright (C) 2017 ARM Ltd and ARM Germany GmbH. All rights reserved.
License Information: 1 1, 1, LIC=03C6R-K7FN0-9UR4U-SG4CX-CZLPA-H8WD0
 
Tool Versions:
Toolchain:       MDK-ARM Plus  Version: 5.23
Toolchain Path:  C:\Keil_v5\ARM\ARMCC\Bin
C Compiler:      Armcc.exe V5.06 update 4 (build 422)
Assembler:       Armasm.exe V5.06 update 4 (build 422)
Linker/Locator:  ArmLink.exe V5.06 update 4 (build 422)
Library Manager: ArmAr.exe V5.06 update 4 (build 422)
Hex Converter:   FromElf.exe V5.06 update 4 (build 422)
CPU DLL:         SARMCM3.DLL V5.23
Dialog DLL:      DCM.DLL V1.15.0.0
Target DLL:      Segger\JL2CM3.dll V2.99.23.0
Dialog DLL:      TCM.DLL V1.27.0.0
 
<h2>Project:</h2>
C:\Users\gaoxiang\Documents\git\gr5526_eeg_ces\GR5526_SDK_V1.0.2\projects\ble\ble_peripheral\ble_app_template_freertos\Keil_5\ble_app_template_freertos.uvprojx
Project File Date:  07/12/2023

<h2>Output:</h2>
*** Using Compiler 'V5.06 update 4 (build 422)', folder: 'C:\Keil_v5\ARM\ARMCC\Bin'
Build target 'GRxx_Soc'
compiling ads1299_gr55xx.c...
linking...
Program Size: Code=88716 RO-data=4800 RW-data=4892 ZI-data=73336  
FromELF: creating hex file...
After Build - User command #1: fromelf.exe --text -c --output Listings\ble_app_template_freertos.s   Objects\ble_app_template_freertos.axf
After Build - User command #2: fromelf.exe --bin --output Listings\ble_app_template_freertos.bin Objects\ble_app_template_freertos.axf
".\Objects\ble_app_template_freertos.axf" - 0 Error(s), 0 Warning(s).

<h2>Collection of Component include folders:</h2>
  .\RTE\_GRxx_Soc
  C:\Keil_v5\ARM\PACK\ARM\CMSIS\5.0.1\Device\ARM\ARMCM4\Include

<h2>Collection of Component Files used:</h2>
Build Time Elapsed:  00:00:06
</pre>
</body>
</html>
