<!doctype html public "-//w3c//dtd html 4.0 transitional//en">
<html><head>
<title>Static Call Graph - [.\Objects\ble_app_template_freertos.axf]</title></head>
<body><HR>
<H1>Static Call Graph for image .\Objects\ble_app_template_freertos.axf</H1><HR>
<BR><P>#&#060CALLGRAPH&#062# ARM Linker, 5060422: Last Updated: Fri Jan 03 16:10:35 2025
<BR><P>
<H3>Maximum Stack Usage =       1264 bytes + Unknown(Cycles, Untraceable Function Pointers)</H3><H3>
Call chain for Maximum Stack Depth:</H3>
app_assert_warn_cb &rArr; app_assert_info_output &rArr; app_log_output &rArr; __2snprintf &rArr; _printf_char_common &rArr; __printf
<P>
<H3>
Mutually Recursive functions
</H3> <LI><a href="#[1d]">NMI_Handler</a>&nbsp;&nbsp;&nbsp;&rArr;&nbsp;&nbsp;&nbsp;<a href="#[1d]">NMI_Handler</a><BR>
 <LI><a href="#[23]">DebugMon_Handler</a>&nbsp;&nbsp;&nbsp;&rArr;&nbsp;&nbsp;&nbsp;<a href="#[23]">DebugMon_Handler</a><BR>
 <LI><a href="#[25]">SysTick_Handler</a>&nbsp;&nbsp;&nbsp;&rArr;&nbsp;&nbsp;&nbsp;<a href="#[25]">SysTick_Handler</a><BR>
 <LI><a href="#[20]">BusFault_Handler</a>&nbsp;&nbsp;&nbsp;&rArr;&nbsp;&nbsp;&nbsp;<a href="#[20]">BusFault_Handler</a><BR>
 <LI><a href="#[1f]">MemManage_Handler</a>&nbsp;&nbsp;&nbsp;&rArr;&nbsp;&nbsp;&nbsp;<a href="#[1f]">MemManage_Handler</a><BR>
 <LI><a href="#[21]">UsageFault_Handler</a>&nbsp;&nbsp;&nbsp;&rArr;&nbsp;&nbsp;&nbsp;<a href="#[21]">UsageFault_Handler</a><BR>
 <LI><a href="#[134]">dfu_schedule_task</a>&nbsp;&nbsp;&nbsp;&rArr;&nbsp;&nbsp;&nbsp;<a href="#[134]">dfu_schedule_task</a><BR>
</UL>
<P>
<H3>
Function Pointers
</H3><UL>
 <LI><a href="#[bd]">AON_EXT_IRQHandler</a> from app_io.o(RAM_CODE) referenced from app_io.o(i.app_io_init)
 <LI><a href="#[115]">APP_I2C_0_evt_handler</a> from qmi8658_gr55xx.o(i.APP_I2C_0_evt_handler) referenced from qmi8658_gr55xx.o(i.qmi8658_hw_init)
 <LI><a href="#[114]">APP_I2C_3_evt_handler</a> from qmc6309_gr55xx.o(i.APP_I2C_3_evt_handler) referenced from qmc6309_gr55xx.o(i.qmc6309_hw_init)
 <LI><a href="#[108]">BLESLP_IRQHandler</a> from rwip_sleep_common.o(RAM_CODE) referenced from platform_sdk.o(i.platform_sdk_init)
 <LI><a href="#[cc]">BLE_IRQHandler</a> from rom_symbol.txt(ABSOLUTE) referenced from system_sdk_patch.o(i.ble_stack_inner_init)
 <LI><a href="#[123]">BLE_IRQHandler_func</a> from rom_symbol.txt(ABSOLUTE) referenced from rwip_sleep_patch.o(i.rwip_sleep_init_with_stack_init)
 <LI><a href="#[109]">BLE_PWR_ON_IRQHandler</a> from rom_symbol.txt(ABSOLUTE) referenced from platform_sdk.o(i.platform_sdk_init)
 <LI><a href="#[122]">BLE_PWR_ON_IRQHandler_func_patch</a> from rwip_sleep_patch.o(i.BLE_PWR_ON_IRQHandler_func_patch) referenced from rwip_sleep_patch.o(i.rwip_sleep_init_with_stack_init)
 <LI><a href="#[cb]">BLE_SDK_Handler</a> from rom_symbol.txt(ABSOLUTE) referenced from system_sdk_patch.o(i.ble_stack_inner_init)
 <LI><a href="#[124]">BLE_SDK_Handler_func</a> from rom_symbol.txt(ABSOLUTE) referenced from rwip_sleep_patch.o(i.rwip_sleep_init_with_stack_init)
 <LI><a href="#[20]">BusFault_Handler</a> from gr_interrupt.o(i.BusFault_Handler) referenced 2 times from gr_soc.o(.data)
 <LI><a href="#[20]">BusFault_Handler</a> from gr_interrupt.o(i.BusFault_Handler) referenced from startup.o(RESET)
 <LI><a href="#[cd]">CLK_CALIB_IRQHandler</a> from platform_clock_calib.o(i.CLK_CALIB_IRQHandler) referenced from platform_clock_calib.o(i.boot_clock_calib_start)
 <LI><a href="#[cd]">CLK_CALIB_IRQHandler</a> from platform_clock_calib.o(i.CLK_CALIB_IRQHandler) referenced from platform_clock_calib.o(i.hfosc_clk_calib_inner_start_new)
 <LI><a href="#[cd]">CLK_CALIB_IRQHandler</a> from platform_clock_calib.o(i.CLK_CALIB_IRQHandler) referenced from platform_clock_calib.o(i.low_power_clock_calib_start)
 <LI><a href="#[d1]">CPLL_DRIFT_IRQHandler</a> from platform_pmu.o(i.CPLL_DRIFT_IRQHandler) referenced from platform_pmu.o(i.cpll_calibration_init)
 <LI><a href="#[23]">DebugMon_Handler</a> from startup.o(.text) referenced 2 times from gr_soc.o(.data)
 <LI><a href="#[23]">DebugMon_Handler</a> from startup.o(.text) referenced from startup.o(RESET)
 <LI><a href="#[bb]">EXT0_IRQHandler</a> from app_io.o(RAM_CODE) referenced from app_io.o(i.app_io_init)
 <LI><a href="#[bc]">EXT1_IRQHandler</a> from app_io.o(RAM_CODE) referenced from app_io.o(i.app_io_init)
 <LI><a href="#[be]">EXT2_IRQHandler</a> from app_io.o(RAM_CODE) referenced from app_io.o(i.app_io_init)
 <LI><a href="#[1e]">HardFault_Handler</a> from gr_interrupt.o(RAM_CODE) referenced 2 times from gr_soc.o(.data)
 <LI><a href="#[1e]">HardFault_Handler</a> from gr_interrupt.o(RAM_CODE) referenced from startup.o(RESET)
 <LI><a href="#[b5]">I2C0_IRQHandler</a> from app_i2c.o(RAM_CODE) referenced from app_i2c.o(i.app_i2c_init)
 <LI><a href="#[b6]">I2C1_IRQHandler</a> from app_i2c.o(RAM_CODE) referenced from app_i2c.o(i.app_i2c_init)
 <LI><a href="#[b7]">I2C2_IRQHandler</a> from app_i2c.o(RAM_CODE) referenced from app_i2c.o(i.app_i2c_init)
 <LI><a href="#[b8]">I2C3_IRQHandler</a> from app_i2c.o(RAM_CODE) referenced from app_i2c.o(i.app_i2c_init)
 <LI><a href="#[b9]">I2C4_IRQHandler</a> from app_i2c.o(RAM_CODE) referenced from app_i2c.o(i.app_i2c_init)
 <LI><a href="#[ba]">I2C5_IRQHandler</a> from app_i2c.o(RAM_CODE) referenced from app_i2c.o(i.app_i2c_init)
 <LI><a href="#[1f]">MemManage_Handler</a> from gr_interrupt.o(i.MemManage_Handler) referenced 2 times from gr_soc.o(.data)
 <LI><a href="#[1f]">MemManage_Handler</a> from gr_interrupt.o(i.MemManage_Handler) referenced from startup.o(RESET)
 <LI><a href="#[1d]">NMI_Handler</a> from startup.o(.text) referenced 2 times from gr_soc.o(.data)
 <LI><a href="#[1d]">NMI_Handler</a> from startup.o(.text) referenced from startup.o(RESET)
 <LI><a href="#[24]">PendSV_Handler</a> from port.o(.emb_text) referenced 2 times from gr_soc.o(.data)
 <LI><a href="#[24]">PendSV_Handler</a> from port.o(.emb_text) referenced from startup.o(RESET)
 <LI><a href="#[132]">RTC1_IRQHandler</a> from port_pm.o(RAM_CODE) referenced from port_pm.o(i.vPortSetupTimerInterrupt)
 <LI><a href="#[1c]">Reset_Handler</a> from startup.o(.text) referenced 2 times from gr_soc.o(.data)
 <LI><a href="#[1c]">Reset_Handler</a> from startup.o(.text) referenced from startup.o(RESET)
 <LI><a href="#[12c]">SLPTIMER_IRQHandler</a> from app_timer.o(i.SLPTIMER_IRQHandler) referenced from app_timer.o(i.sleep_timer_handler_register)
 <LI><a href="#[c2]">SPI_M_IRQHandler</a> from app_spi.o(RAM_CODE) referenced from app_spi.o(i.app_spi_init)
 <LI><a href="#[c1]">SPI_S_IRQHandler</a> from app_spi.o(RAM_CODE) referenced from app_spi.o(i.app_spi_init)
 <LI><a href="#[22]">SVC_Handler</a> from gr_interrupt.o(RAM_CODE) referenced 2 times from gr_soc.o(.data)
 <LI><a href="#[22]">SVC_Handler</a> from gr_interrupt.o(RAM_CODE) referenced from startup.o(RESET)
 <LI><a href="#[25]">SysTick_Handler</a> from startup.o(.text) referenced 2 times from gr_soc.o(.data)
 <LI><a href="#[25]">SysTick_Handler</a> from startup.o(.text) referenced from startup.o(RESET)
 <LI><a href="#[ad]">SystemInit</a> from gr_system.o(i.SystemInit) referenced from startup.o(.text)
 <LI><a href="#[c3]">UART0_IRQHandler</a> from app_uart.o(i.UART0_IRQHandler) referenced from app_uart.o(i.app_uart_init)
 <LI><a href="#[c4]">UART1_IRQHandler</a> from app_uart.o(i.UART1_IRQHandler) referenced from app_uart.o(i.app_uart_init)
 <LI><a href="#[c5]">UART2_IRQHandler</a> from app_uart.o(i.UART2_IRQHandler) referenced from app_uart.o(i.app_uart_init)
 <LI><a href="#[c6]">UART3_IRQHandler</a> from app_uart.o(i.UART3_IRQHandler) referenced from app_uart.o(i.app_uart_init)
 <LI><a href="#[c7]">UART4_IRQHandler</a> from app_uart.o(i.UART4_IRQHandler) referenced from app_uart.o(i.app_uart_init)
 <LI><a href="#[c8]">UART5_IRQHandler</a> from app_uart.o(i.UART5_IRQHandler) referenced from app_uart.o(i.app_uart_init)
 <LI><a href="#[21]">UsageFault_Handler</a> from gr_interrupt.o(i.UsageFault_Handler) referenced 2 times from gr_soc.o(.data)
 <LI><a href="#[21]">UsageFault_Handler</a> from gr_interrupt.o(i.UsageFault_Handler) referenced from startup.o(RESET)
 <LI><a href="#[b3]">_get_lc_ctype</a> from lc_ctype_c.o(locale$$code) referenced from rt_ctype_table.o(.text)
 <LI><a href="#[b1]">_printf_input_char</a> from _printf_char_common.o(.text) referenced from _printf_char_common.o(.text)
 <LI><a href="#[af]">_snputc</a> from _snputc.o(.text) referenced 2 times from vsnprintf.o(.text)
 <LI><a href="#[b0]">_sputc</a> from _sputc.o(.text) referenced from __2sprintf.o(.text)
 <LI><a href="#[26]">app_assert_err_cb</a> from app_assert.o(i.app_assert_err_cb) referenced 2 times from app_assert.o(.data)
 <LI><a href="#[27]">app_assert_param_cb</a> from app_assert.o(i.app_assert_param_cb) referenced 2 times from app_assert.o(.data)
 <LI><a href="#[28]">app_assert_warn_cb</a> from app_assert.o(i.app_assert_warn_cb) referenced 2 times from app_assert.o(.data)
 <LI><a href="#[b4]">app_spi_master_callback</a> from ads1299_gr55xx.o(i.app_spi_master_callback) referenced from ads1299_gr55xx.o(i.ads1299_hw_init)
 <LI><a href="#[d0]">app_uart_evt_handler</a> from board_bc.o(i.app_uart_evt_handler) referenced from board_bc.o(i.bsp_uart_init)
 <LI><a href="#[df]">bb_watch_timer_cbk_fcc_patch</a> from lld_test_patch.o(i.bb_watch_timer_cbk_fcc_patch) referenced from lld_test_patch.o(i.fcc_test_init_patch)
 <LI><a href="#[de]">bb_watch_timer_start_fcc_patch</a> from lld_test_patch.o(i.bb_watch_timer_start_fcc_patch) referenced from lld_test_patch.o(i.fcc_test_init_patch)
 <LI><a href="#[7e]">ble_client_enh_prf_init</a> from ble_profile_patch.o(i.ble_client_enh_prf_init) referenced 2 times from ble_profile_patch.o(.data)
 <LI><a href="#[87]">ble_client_prf_init</a> from ble_profile_patch.o(i.ble_client_prf_init) referenced 2 times from ble_profile_patch.o(.data)
 <LI><a href="#[125]">ble_core_sleep_ori</a> from rom_symbol.txt(ABSOLUTE) referenced from rwip_sleep_patch.o(i.rwip_sleep_init_with_stack_init)
 <LI><a href="#[103]">ble_evt_handler</a> from user_app.o(i.ble_evt_handler) referenced from main.o(i.main)
 <LI><a href="#[65]">ble_init_cplt_callback</a> from ble_event_patch.o(i.ble_init_cplt_callback) referenced 2 times from ble_event_patch.o(.data)
 <LI><a href="#[128]">ble_irq_handler_without_stack_init</a> from rwip_sleep_common.o(RAM_CODE) referenced from rwip_sleep_common.o(i.rwip_sleep_init_without_stack_init)
 <LI><a href="#[127]">ble_pwr_on_handler_without_stack_init</a> from rwip_sleep_common.o(i.ble_pwr_on_handler_without_stack_init) referenced from rwip_sleep_common.o(i.rwip_sleep_init_without_stack_init)
 <LI><a href="#[121]">ble_rwip_wakeup_patch</a> from rwip_sleep_patch.o(RAM_CODE) referenced from rwip_sleep_patch.o(i.rwip_sleep_init_with_stack_init)
 <LI><a href="#[ef]">ble_sdk_common_timeout_handler</a> from rom_symbol.txt(ABSOLUTE) referenced from ble_sdk_task_patch.o(i.host_to_sdk_msg_handler_patch)
 <LI><a href="#[14]">ble_sdk_gattc_extend_prf_cmp_evt_handler_patch</a> from ble_sdk_prf_client_enh_patch.o(i.ble_sdk_gattc_extend_prf_cmp_evt_handler_patch) referenced 2 times from gr_soc.o(.data)
 <LI><a href="#[15]">ble_sdk_gattc_extend_prf_event_ind_handler_patch</a> from ble_sdk_prf_client_enh_patch.o(i.ble_sdk_gattc_extend_prf_event_ind_handler_patch) referenced 2 times from gr_soc.o(.data)
 <LI><a href="#[16]">ble_sdk_gattc_extend_prf_sdp_srvc_ind_handler_patch</a> from ble_sdk_prf_client_enh_patch.o(i.ble_sdk_gattc_extend_prf_sdp_srvc_ind_handler_patch) referenced 2 times from gr_soc.o(.data)
 <LI><a href="#[129]">ble_sdk_handler_without_stack_init</a> from rwip_sleep_common.o(RAM_CODE) referenced from rwip_sleep_common.o(i.rwip_sleep_init_without_stack_init)
 <LI><a href="#[29]">ble_send_data</a> from dfu_port.o(i.ble_send_data) referenced 2 times from dfu_port.o(.data)
 <LI><a href="#[71]">ble_service_load_cb</a> from ble_profile_patch.o(i.ble_service_load_cb) referenced 4 times from ble_profile_patch.o(.data)
 <LI><a href="#[126]">ble_sleep_without_stack_init</a> from rwip_sleep_common.o(i.ble_sleep_without_stack_init) referenced from rwip_sleep_common.o(i.rwip_sleep_init_without_stack_init)
 <LI><a href="#[ce]">bsp_uart_flush</a> from board_bc.o(i.bsp_uart_flush) referenced from board_bc.o(i.bsp_log_init)
 <LI><a href="#[cf]">bsp_uart_send</a> from board_bc.o(i.bsp_uart_send) referenced from board_bc.o(i.bsp_log_init)
 <LI><a href="#[d2]">delay_us_dwt_patch</a> from gr55xx_delay_patch.o(RAM_CODE) referenced from gr55xx_delay_patch.o(i.delay_function_replace)
 <LI><a href="#[d8]">dfu_fw_info_get</a> from dfu_port.o(i.dfu_fw_info_get) referenced from dfu_port.o(i.dfu_port_init)
 <LI><a href="#[d7]">dfu_mode_set</a> from dfu_port.o(i.dfu_mode_set) referenced from dfu_port.o(i.dfu_port_init)
 <LI><a href="#[134]">dfu_schedule_task</a> from main.o(i.dfu_schedule_task) referenced from main.o(i.vStartTasks)
 <LI><a href="#[13a]">efuse_init</a> from gr_soc.o(i.efuse_init) referenced from gr_soc.o(.constdata)
 <LI><a href="#[ed]">efuse_xo_offset_get_func</a> from llm_hci_patch.o(i.efuse_xo_offset_get_func) referenced from llm_hci_patch.o(i.hci_le_test_param_set_func_replace)
 <LI><a href="#[ee]">efuse_xo_offset_set_func</a> from llm_hci_patch.o(i.efuse_xo_offset_set_func) referenced from llm_hci_patch.o(i.hci_le_test_param_set_func_replace)
 <LI><a href="#[db]">fast_clk_cali_binary_search_fine_code_cb</a> from platform_clock_calib.o(i.fast_clk_cali_binary_search_fine_code_cb) referenced from platform_clock_calib.o(i.fast_clk_cali_binary_search_fine_code_retry)
 <LI><a href="#[db]">fast_clk_cali_binary_search_fine_code_cb</a> from platform_clock_calib.o(i.fast_clk_cali_binary_search_fine_code_cb) referenced from platform_clock_calib.o(i.fast_clk_cali_binary_search_fine_code_start)
 <LI><a href="#[dc]">fast_clk_cali_easy_find_coarse_code_cb</a> from platform_clock_calib.o(i.fast_clk_cali_easy_find_coarse_code_cb) referenced from platform_clock_calib.o(i.fast_clk_cali_easy_find_coarse_code_retry)
 <LI><a href="#[dd]">fast_clk_cali_easy_find_fine_code_cb</a> from platform_clock_calib.o(i.fast_clk_cali_easy_find_fine_code_cb) referenced from platform_clock_calib.o(i.fast_clk_cali_easy_find_fine_code_retry)
 <LI><a href="#[dd]">fast_clk_cali_easy_find_fine_code_cb</a> from platform_clock_calib.o(i.fast_clk_cali_easy_find_fine_code_cb) referenced from platform_clock_calib.o(i.fast_clk_cali_easy_find_fine_code_start)
 <LI><a href="#[f2]">find_new_msg_handler</a> from ke_task_patch.o(i.find_new_msg_handler) referenced from ke_task_patch.o(i.ke_task_func_replace)
 <LI><a href="#[13b]">first_class_task</a> from gr_soc.o(i.first_class_task) referenced from gr_soc.o(.constdata)
 <LI><a href="#[e5]">fpb_load_state_local</a> from sdk_fpb_mgmt.o(i.fpb_load_state_local) referenced from sdk_fpb_mgmt.o(i.gr5xx_fpb_init)
 <LI><a href="#[e6]">fpb_save_state_local</a> from sdk_fpb_mgmt.o(i.fpb_save_state_local) referenced from sdk_fpb_mgmt.o(i.gr5xx_fpb_init)
 <LI><a href="#[b2]">fputc</a> from app_log.o(i.fputc) referenced from _printf_char_file.o(.text)
 <LI><a href="#[5]">gap_activity_stopped_ind_handler_patch</a> from ble_sdk_gapm_patch.o(i.gap_activity_stopped_ind_handler_patch) referenced 2 times from gr_soc.o(.data)
 <LI><a href="#[38]">gap_adv_data_update_cb</a> from ble_event_patch.o(i.gap_adv_data_update_cb) referenced 2 times from ble_event_patch.o(.data)
 <LI><a href="#[3b]">gap_adv_report_ind_cb</a> from ble_event_patch.o(i.gap_adv_report_ind_cb) referenced 2 times from ble_event_patch.o(.data)
 <LI><a href="#[35]">gap_adv_start_cb</a> from ble_event_patch.o(i.gap_adv_start_cb) referenced 2 times from ble_event_patch.o(.data)
 <LI><a href="#[36]">gap_adv_stop_cb</a> from ble_event_patch.o(i.gap_adv_stop_cb) referenced 2 times from ble_event_patch.o(.data)
 <LI><a href="#[42]">gap_auto_connection_timeout_cb</a> from ble_event_patch.o(i.gap_auto_connection_timeout_cb) referenced 2 times from ble_event_patch.o(.data)
 <LI><a href="#[4b]">gap_conn_iq_report_cb</a> from ble_event_patch.o(i.gap_conn_iq_report_cb) referenced 2 times from ble_event_patch.o(.data)
 <LI><a href="#[41]">gap_connect_cancel_cb</a> from ble_event_patch.o(i.gap_connect_cancel_cb) referenced 2 times from ble_event_patch.o(.data)
 <LI><a href="#[3f]">gap_connect_cb</a> from ble_event_patch.o(i.gap_connect_cb) referenced 2 times from ble_event_patch.o(.data)
 <LI><a href="#[46]">gap_connection_info_get_cb</a> from ble_event_patch.o(i.gap_connection_info_get_cb) referenced 2 times from ble_event_patch.o(.data)
 <LI><a href="#[d]">gap_connection_req_ind_handler_patch</a> from ble_sdk_gapc_patch.o(i.gap_connection_req_ind_handler_patch) referenced 2 times from gr_soc.o(.data)
 <LI><a href="#[44]">gap_connection_update_cb</a> from ble_event_patch.o(i.gap_connection_update_cb) referenced 2 times from ble_event_patch.o(.data)
 <LI><a href="#[45]">gap_connection_update_req_cb</a> from ble_event_patch.o(i.gap_connection_update_req_cb) referenced 2 times from ble_event_patch.o(.data)
 <LI><a href="#[4c]">gap_connless_iq_report_cb</a> from ble_event_patch.o(i.gap_connless_iq_report_cb) referenced 2 times from ble_event_patch.o(.data)
 <LI><a href="#[34]">gap_dev_info_get_cb</a> from ble_event_patch.o(i.gap_dev_info_get_cb) referenced 2 times from ble_event_patch.o(.data)
 <LI><a href="#[4a]">gap_device_info_set_cb</a> from ble_event_patch.o(i.gap_device_info_set_cb) referenced 2 times from ble_event_patch.o(.data)
 <LI><a href="#[54]">gap_dft_subrate_set_cb</a> from ble_event_patch.o(i.gap_dft_subrate_set_cb) referenced 2 times from ble_event_patch.o(.data)
 <LI><a href="#[40]">gap_disconnect_cb</a> from ble_event_patch.o(i.gap_disconnect_cb) referenced 2 times from ble_event_patch.o(.data)
 <LI><a href="#[e]">gap_disconnect_ind_handler_patch</a> from ble_sdk_gapc_patch.o(i.gap_disconnect_ind_handler_patch) referenced 2 times from gr_soc.o(.data)
 <LI><a href="#[e0]">gap_init_fsm_next_func_patch</a> from ble_sdk_gapm_patch.o(i.gap_init_fsm_next_func_patch) referenced from ble_sdk_gapm_patch.o(i.gap_init_fsm_next_func_replace)
 <LI><a href="#[48]">gap_le_pkt_size_info_cb</a> from ble_event_patch.o(i.gap_le_pkt_size_info_cb) referenced 2 times from ble_event_patch.o(.data)
 <LI><a href="#[4d]">gap_local_tx_power_read_cb</a> from ble_event_patch.o(i.gap_local_tx_power_read_cb) referenced 2 times from ble_event_patch.o(.data)
 <LI><a href="#[31]">gap_param_set_cb</a> from ble_event_patch.o(i.gap_param_set_cb) referenced 2 times from ble_event_patch.o(.data)
 <LI><a href="#[50]">gap_path_loss_threshold_report_cb</a> from ble_event_patch.o(i.gap_path_loss_threshold_report_cb) referenced 2 times from ble_event_patch.o(.data)
 <LI><a href="#[47]">gap_peer_info_get_cb</a> from ble_event_patch.o(i.gap_peer_info_get_cb) referenced 2 times from ble_event_patch.o(.data)
 <LI><a href="#[43]">gap_peer_name_ind_cb</a> from ble_event_patch.o(i.gap_peer_name_ind_cb) referenced 2 times from ble_event_patch.o(.data)
 <LI><a href="#[33]">gap_phy_update_cb</a> from ble_event_patch.o(i.gap_phy_update_cb) referenced 2 times from ble_event_patch.o(.data)
 <LI><a href="#[32]">gap_psm_manager_cb</a> from ble_event_patch.o(i.gap_psm_manager_cb) referenced 2 times from ble_event_patch.o(.data)
 <LI><a href="#[53]">gap_ranging_cmp_ind_cb</a> from ble_event_patch.o(i.gap_ranging_cmp_ind_cb) referenced 2 times from ble_event_patch.o(.data)
 <LI><a href="#[51]">gap_ranging_ind_cb</a> from ble_event_patch.o(i.gap_ranging_ind_cb) referenced 2 times from ble_event_patch.o(.data)
 <LI><a href="#[52]">gap_ranging_sample_report_cb</a> from ble_event_patch.o(i.gap_ranging_sample_report_cb) referenced 2 times from ble_event_patch.o(.data)
 <LI><a href="#[4e]">gap_remote_tx_power_read_cb</a> from ble_event_patch.o(i.gap_remote_tx_power_read_cb) referenced 2 times from ble_event_patch.o(.data)
 <LI><a href="#[49]">gap_rslv_addr_read_cb</a> from ble_event_patch.o(i.gap_rslv_addr_read_cb) referenced 2 times from ble_event_patch.o(.data)
 <LI><a href="#[37]">gap_scan_req_ind_cb</a> from ble_event_patch.o(i.gap_scan_req_ind_cb) referenced 2 times from ble_event_patch.o(.data)
 <LI><a href="#[39]">gap_scan_start_cb</a> from ble_event_patch.o(i.gap_scan_start_cb) referenced 2 times from ble_event_patch.o(.data)
 <LI><a href="#[3a]">gap_scan_stop_cb</a> from ble_event_patch.o(i.gap_scan_stop_cb) referenced 2 times from ble_event_patch.o(.data)
 <LI><a href="#[3d]">gap_stop_sync_cb</a> from ble_event_patch.o(i.gap_stop_sync_cb) referenced 2 times from ble_event_patch.o(.data)
 <LI><a href="#[55]">gap_subrate_chg_ind_cb</a> from ble_event_patch.o(i.gap_subrate_chg_ind_cb) referenced 2 times from ble_event_patch.o(.data)
 <LI><a href="#[3c]">gap_sync_establish_cb</a> from ble_event_patch.o(i.gap_sync_establish_cb) referenced 2 times from ble_event_patch.o(.data)
 <LI><a href="#[3e]">gap_sync_lost_cb</a> from ble_event_patch.o(i.gap_sync_lost_cb) referenced 2 times from ble_event_patch.o(.data)
 <LI><a href="#[4f]">gap_tx_power_change_report_cb</a> from ble_event_patch.o(i.gap_tx_power_change_report_cb) referenced 2 times from ble_event_patch.o(.data)
 <LI><a href="#[7]">gapc_hci_handler_patch</a> from gapc_hci_patch.o(i.gapc_hci_handler_patch) referenced 2 times from gr_soc.o(.data)
 <LI><a href="#[a]">gapm_activity_create_cmd_handler_patch</a> from gapm_actv_patch.o(i.gapm_activity_create_cmd_handler_patch) referenced 2 times from gr_soc.o(.data)
 <LI><a href="#[e1]">gapm_adv_check_param_func_patch</a> from gapm_adv_patch.o(i.gapm_adv_check_param_func_patch) referenced from gapm_adv_patch.o(i.gapm_adv_replace)
 <LI><a href="#[8]">gapm_hci_handler_patch</a> from gapm_task_patch.o(i.gapm_hci_handler_patch) referenced 2 times from gr_soc.o(.data)
 <LI><a href="#[e4]">gapm_per_sync_delete</a> from rom_symbol.txt(ABSOLUTE) referenced from gapm_per_sync_patch.o(i.gapm_per_sync_create_patch)
 <LI><a href="#[e2]">gapm_per_sync_start</a> from rom_symbol.txt(ABSOLUTE) referenced from gapm_per_sync_patch.o(i.gapm_per_sync_create_patch)
 <LI><a href="#[e3]">gapm_per_sync_stop_patch</a> from gapm_per_sync_patch.o(i.gapm_per_sync_stop_patch) referenced from gapm_per_sync_patch.o(i.gapm_per_sync_create_patch)
 <LI><a href="#[9]">gapm_set_dev_config_cmd_handler_patch</a> from gapm_cfg_patch.o(i.gapm_set_dev_config_cmd_handler_patch) referenced 2 times from gr_soc.o(.data)
 <LI><a href="#[56]">gatt_mtu_exchange_cb</a> from ble_event_patch.o(i.gatt_mtu_exchange_cb) referenced 2 times from ble_event_patch.o(.data)
 <LI><a href="#[57]">gatt_prf_register_cb</a> from ble_event_patch.o(i.gatt_prf_register_cb) referenced 2 times from ble_event_patch.o(.data)
 <LI><a href="#[60]">gattc_cache_update_cb</a> from ble_event_patch.o(i.gattc_cache_update_cb) referenced 2 times from ble_event_patch.o(.data)
 <LI><a href="#[5b]">gattc_char_desc_disc_cb</a> from ble_event_patch.o(i.gattc_char_desc_disc_cb) referenced 4 times from ble_event_patch.o(.data)
 <LI><a href="#[5a]">gattc_char_disc_cb</a> from ble_event_patch.o(i.gattc_char_disc_cb) referenced 4 times from ble_event_patch.o(.data)
 <LI><a href="#[82]">gattc_enh_char_desc_disc_cb</a> from ble_event_patch.o(i.gattc_enh_char_desc_disc_cb) referenced 2 times from ble_profile_patch.o(.data)
 <LI><a href="#[81]">gattc_enh_char_disc_cb</a> from ble_event_patch.o(i.gattc_enh_char_disc_cb) referenced 2 times from ble_profile_patch.o(.data)
 <LI><a href="#[80]">gattc_enh_inc_srvc_disc_cb</a> from ble_event_patch.o(i.gattc_enh_inc_srvc_disc_cb) referenced 2 times from ble_profile_patch.o(.data)
 <LI><a href="#[85]">gattc_enh_ntf_ind_cb</a> from ble_event_patch.o(i.gattc_enh_ntf_ind_cb) referenced 2 times from ble_profile_patch.o(.data)
 <LI><a href="#[83]">gattc_enh_read_cb</a> from ble_event_patch.o(i.gattc_enh_read_cb) referenced 2 times from ble_profile_patch.o(.data)
 <LI><a href="#[86]">gattc_enh_srvc_browse_cb</a> from ble_event_patch.o(i.gattc_enh_srvc_browse_cb) referenced 2 times from ble_profile_patch.o(.data)
 <LI><a href="#[7f]">gattc_enh_srvc_disc_cb</a> from ble_event_patch.o(i.gattc_enh_srvc_disc_cb) referenced 2 times from ble_profile_patch.o(.data)
 <LI><a href="#[84]">gattc_enh_write_cb</a> from ble_event_patch.o(i.gattc_enh_write_cb) referenced 2 times from ble_profile_patch.o(.data)
 <LI><a href="#[59]">gattc_inc_srvc_disc_cb</a> from ble_event_patch.o(i.gattc_inc_srvc_disc_cb) referenced 4 times from ble_event_patch.o(.data)
 <LI><a href="#[5e]">gattc_ntf_ind_cb</a> from ble_event_patch.o(i.gattc_ntf_ind_cb) referenced 4 times from ble_event_patch.o(.data)
 <LI><a href="#[5c]">gattc_read_cb</a> from ble_event_patch.o(i.gattc_read_cb) referenced 4 times from ble_event_patch.o(.data)
 <LI><a href="#[5f]">gattc_srvc_browse_cb</a> from ble_event_patch.o(i.gattc_srvc_browse_cb) referenced 4 times from ble_event_patch.o(.data)
 <LI><a href="#[58]">gattc_srvc_disc_cb</a> from ble_event_patch.o(i.gattc_srvc_disc_cb) referenced 4 times from ble_event_patch.o(.data)
 <LI><a href="#[5d]">gattc_write_cb</a> from ble_event_patch.o(i.gattc_write_cb) referenced 4 times from ble_event_patch.o(.data)
 <LI><a href="#[76]">gatts_cccd_set_cb</a> from ble_event_patch.o(i.gatts_cccd_set_cb) referenced 2 times from ble_profile_patch.o(.data)
 <LI><a href="#[7c]">gatts_enh_cccd_set_cb</a> from ble_event_patch.o(i.gatts_enh_cccd_set_cb) referenced 2 times from ble_profile_patch.o(.data)
 <LI><a href="#[7d]">gatts_enh_mult_ntf_cb</a> from ble_event_patch.o(i.gatts_enh_mult_ntf_cb) referenced 2 times from ble_profile_patch.o(.data)
 <LI><a href="#[7b]">gatts_enh_ntf_ind_cb</a> from ble_event_patch.o(i.gatts_enh_ntf_ind_cb) referenced 2 times from ble_profile_patch.o(.data)
 <LI><a href="#[7a]">gatts_enh_prep_write_cb</a> from ble_event_patch.o(i.gatts_enh_prep_write_cb) referenced 2 times from ble_profile_patch.o(.data)
 <LI><a href="#[78]">gatts_enh_read_cb</a> from ble_event_patch.o(i.gatts_enh_read_cb) referenced 2 times from ble_profile_patch.o(.data)
 <LI><a href="#[79]">gatts_enh_write_cb</a> from ble_event_patch.o(i.gatts_enh_write_cb) referenced 2 times from ble_profile_patch.o(.data)
 <LI><a href="#[77]">gatts_mult_ntf_cb</a> from ble_event_patch.o(i.gatts_mult_ntf_cb) referenced 2 times from ble_profile_patch.o(.data)
 <LI><a href="#[75]">gatts_ntf_ind_cb</a> from ble_event_patch.o(i.gatts_ntf_ind_cb) referenced 2 times from ble_profile_patch.o(.data)
 <LI><a href="#[74]">gatts_prep_write_cb</a> from ble_event_patch.o(i.gatts_prep_write_cb) referenced 2 times from ble_profile_patch.o(.data)
 <LI><a href="#[72]">gatts_read_cb</a> from ble_event_patch.o(i.gatts_read_cb) referenced 2 times from ble_profile_patch.o(.data)
 <LI><a href="#[73]">gatts_write_cb</a> from ble_event_patch.o(i.gatts_write_cb) referenced 2 times from ble_profile_patch.o(.data)
 <LI><a href="#[d3]">get_info_replace</a> from dfu_port.o(i.get_info_replace) referenced from dfu_port.o(i.dfu_port_init)
 <LI><a href="#[143]">gr5xx_svc_process</a> from svc_handler.o(RAM_CODE) referenced from gr_interrupt.o(RAM_CODE)
 <LI><a href="#[8b]">hal_aon_gpio_callback</a> from app_io.o(i.hal_aon_gpio_callback) referenced 2 times from gr55xx_hal_aon_gpio.o(.data)
 <LI><a href="#[12e]">hal_clock_release_xo_osc_patch</a> from gr55xx_hal_clock_patch.o(i.hal_clock_release_xo_osc_patch) referenced from gr55xx_hal_clock_patch.o(i.sys_xo_hf_clock_switch_enable)
 <LI><a href="#[12f]">hal_clock_request_xo_osc_ori</a> from rom_symbol.txt(ABSOLUTE) referenced from gr55xx_hal_clock_patch.o(i.sys_xo_hf_clock_switch_enable)
 <LI><a href="#[ac]">hal_efuse_msp_deinit</a> from gr55xx_hal_efuse.o(i.hal_efuse_msp_deinit) referenced 2 times from gr55xx_hal_efuse.o(.data)
 <LI><a href="#[ab]">hal_efuse_msp_init</a> from gr55xx_hal_efuse.o(i.hal_efuse_msp_init) referenced 2 times from gr55xx_hal_efuse.o(.data)
 <LI><a href="#[111]">hal_exflash_enable_quad_patch</a> from gr55xx_hal_exflash_patch.o(RAM_CODE) referenced from gr55xx_hal_exflash_patch.o(i.platform_xqspi_env_init)
 <LI><a href="#[110]">hal_exflash_init_patch</a> from gr55xx_hal_exflash_patch.o(RAM_CODE) referenced from gr55xx_hal_exflash_patch.o(i.platform_xqspi_env_init)
 <LI><a href="#[2c]">hal_flash_erase</a> from rom_symbol.txt(ABSOLUTE) referenced 2 times from dfu_port.o(.data)
 <LI><a href="#[2d]">hal_flash_erase_chip</a> from rom_symbol.txt(ABSOLUTE) referenced 2 times from dfu_port.o(.data)
 <LI><a href="#[30]">hal_flash_get_info</a> from rom_symbol.txt(ABSOLUTE) referenced 2 times from dfu_port.o(.data)
 <LI><a href="#[2f]">hal_flash_get_security</a> from rom_symbol.txt(ABSOLUTE) referenced 2 times from dfu_port.o(.data)
 <LI><a href="#[2a]">hal_flash_read</a> from rom_symbol.txt(ABSOLUTE) referenced 2 times from dfu_port.o(.data)
 <LI><a href="#[2e]">hal_flash_set_security</a> from rom_symbol.txt(ABSOLUTE) referenced 2 times from dfu_port.o(.data)
 <LI><a href="#[2b]">hal_flash_write</a> from rom_symbol.txt(ABSOLUTE) referenced 2 times from dfu_port.o(.data)
 <LI><a href="#[8c]">hal_gpio_exti_callback</a> from app_io.o(i.hal_gpio_exti_callback) referenced 2 times from gr55xx_hal_gpio.o(.data)
 <LI><a href="#[94]">hal_i2c_abort_cplt_callback</a> from app_i2c.o(i.hal_i2c_abort_cplt_callback) referenced 2 times from gr55xx_hal_i2c.o(.data)
 <LI><a href="#[93]">hal_i2c_error_callback</a> from app_i2c.o(i.hal_i2c_error_callback) referenced 2 times from gr55xx_hal_i2c.o(.data)
 <LI><a href="#[90]">hal_i2c_master_rx_cplt_callback</a> from app_i2c.o(i.hal_i2c_master_rx_cplt_callback) referenced 2 times from gr55xx_hal_i2c.o(.data)
 <LI><a href="#[8f]">hal_i2c_master_tx_cplt_callback</a> from app_i2c.o(i.hal_i2c_master_tx_cplt_callback) referenced 2 times from gr55xx_hal_i2c.o(.data)
 <LI><a href="#[8e]">hal_i2c_msp_deinit</a> from gr55xx_hal_i2c.o(i.hal_i2c_msp_deinit) referenced 2 times from gr55xx_hal_i2c.o(.data)
 <LI><a href="#[8d]">hal_i2c_msp_init</a> from gr55xx_hal_i2c.o(i.hal_i2c_msp_init) referenced 2 times from gr55xx_hal_i2c.o(.data)
 <LI><a href="#[e8]">hal_i2c_resume_reg</a> from gr55xx_hal_i2c_patch.o(i.hal_i2c_resume_reg) referenced from gr55xx_hal_i2c_patch.o(i.hal_i2c_init_ext)
 <LI><a href="#[92]">hal_i2c_slave_rx_cplt_callback</a> from app_i2c.o(i.hal_i2c_slave_rx_cplt_callback) referenced 2 times from gr55xx_hal_i2c.o(.data)
 <LI><a href="#[91]">hal_i2c_slave_tx_cplt_callback</a> from app_i2c.o(i.hal_i2c_slave_tx_cplt_callback) referenced 2 times from gr55xx_hal_i2c.o(.data)
 <LI><a href="#[f1]">hal_i2c_suspend_reg</a> from gr55xx_hal_i2c_patch.o(i.hal_i2c_suspend_reg) referenced from gr55xx_hal_i2c_patch.o(i.i2c_updata_suspend_cb_local)
 <LI><a href="#[95]">hal_msio_exti_callback</a> from gr55xx_hal_msio.o(i.hal_msio_exti_callback) referenced 2 times from gr55xx_hal_msio.o(.data)
 <LI><a href="#[e9]">hal_pwr_sleep_timer_elapsed_callback</a> from app_timer.o(i.hal_pwr_sleep_timer_elapsed_callback) referenced from gr55xx_hal_pwr.o(i.hal_sleep_timer_config_and_start)
 <LI><a href="#[96]">hal_rtc_alarm_callback</a> from gr55xx_hal_rtc.o(i.hal_rtc_alarm_callback) referenced 2 times from gr55xx_hal_rtc.o(.data)
 <LI><a href="#[98]">hal_rtc_overflow_callback</a> from gr55xx_hal_rtc.o(i.hal_rtc_overflow_callback) referenced 2 times from gr55xx_hal_rtc.o(.data)
 <LI><a href="#[97]">hal_rtc_tick_callback</a> from port_pm.o(RAM_CODE) referenced 2 times from gr55xx_hal_rtc.o(.data)
 <LI><a href="#[9c]">hal_spi_abort_cplt_callback</a> from app_spi.o(i.hal_spi_abort_cplt_callback) referenced 2 times from gr55xx_hal_spi.o(.data)
 <LI><a href="#[9b]">hal_spi_error_callback</a> from app_spi.o(i.hal_spi_error_callback) referenced 2 times from gr55xx_hal_spi.o(.data)
 <LI><a href="#[9a]">hal_spi_msp_deinit</a> from gr55xx_hal_spi.o(i.hal_spi_msp_deinit) referenced 2 times from gr55xx_hal_spi.o(.data)
 <LI><a href="#[99]">hal_spi_msp_init</a> from gr55xx_hal_spi.o(i.hal_spi_msp_init) referenced 2 times from gr55xx_hal_spi.o(.data)
 <LI><a href="#[9d]">hal_spi_rx_cplt_callback</a> from app_spi.o(i.hal_spi_rx_cplt_callback) referenced 2 times from gr55xx_hal_spi.o(.data)
 <LI><a href="#[a0]">hal_spi_soft_cs_assert</a> from app_spi.o(i.hal_spi_soft_cs_assert) referenced 2 times from gr55xx_hal_spi.o(.data)
 <LI><a href="#[a1]">hal_spi_soft_cs_deassert</a> from app_spi.o(i.hal_spi_soft_cs_deassert) referenced 2 times from gr55xx_hal_spi.o(.data)
 <LI><a href="#[9e]">hal_spi_tx_cplt_callback</a> from app_spi.o(i.hal_spi_tx_cplt_callback) referenced 2 times from gr55xx_hal_spi.o(.data)
 <LI><a href="#[9f]">hal_spi_tx_rx_cplt_callback</a> from app_spi.o(i.hal_spi_tx_rx_cplt_callback) referenced 2 times from gr55xx_hal_spi.o(.data)
 <LI><a href="#[a7]">hal_uart_abort_cplt_callback</a> from app_uart.o(i.hal_uart_abort_cplt_callback) referenced 2 times from gr55xx_hal_uart.o(.data)
 <LI><a href="#[a9]">hal_uart_abort_rx_cplt_callback</a> from app_uart.o(i.hal_uart_abort_rx_cplt_callback) referenced 2 times from gr55xx_hal_uart.o(.data)
 <LI><a href="#[a8]">hal_uart_abort_tx_cplt_callback</a> from app_uart.o(i.hal_uart_abort_tx_cplt_callback) referenced 2 times from gr55xx_hal_uart.o(.data)
 <LI><a href="#[a6]">hal_uart_error_callback</a> from app_uart.o(i.hal_uart_error_callback) referenced 2 times from gr55xx_hal_uart.o(.data)
 <LI><a href="#[a3]">hal_uart_msp_deinit</a> from gr55xx_hal_uart.o(i.hal_uart_msp_deinit) referenced 2 times from gr55xx_hal_uart.o(.data)
 <LI><a href="#[a2]">hal_uart_msp_init</a> from gr55xx_hal_uart.o(i.hal_uart_msp_init) referenced 2 times from gr55xx_hal_uart.o(.data)
 <LI><a href="#[a5]">hal_uart_rx_cplt_callback</a> from app_uart.o(i.hal_uart_rx_cplt_callback) referenced 2 times from gr55xx_hal_uart.o(.data)
 <LI><a href="#[a4]">hal_uart_tx_cplt_callback</a> from app_uart.o(i.hal_uart_tx_cplt_callback) referenced 2 times from gr55xx_hal_uart.o(.data)
 <LI><a href="#[17]">hci_le_add_dev_to_rslv_list_cmd_handler_patch</a> from llm_hci_patch.o(i.hci_le_add_dev_to_rslv_list_cmd_handler_patch) referenced 2 times from gr_soc.o(.data)
 <LI><a href="#[19]">hci_le_clear_rslv_list_cmd_handler_patch</a> from llm_hci_patch.o(i.hci_le_clear_rslv_list_cmd_handler_patch) referenced 2 times from gr_soc.o(.data)
 <LI><a href="#[18]">hci_le_rmv_dev_from_rslv_list_cmd_handler_patch</a> from llm_hci_patch.o(i.hci_le_rmv_dev_from_rslv_list_cmd_handler_patch) referenced 2 times from gr_soc.o(.data)
 <LI><a href="#[1a]">hci_le_set_addr_resol_en_cmd_handler_patch</a> from llm_hci_patch.o(i.hci_le_set_addr_resol_en_cmd_handler_patch) referenced 2 times from gr_soc.o(.data)
 <LI><a href="#[1b]">hci_le_set_priv_mode_cmd_handler_patch</a> from llm_hci_patch.o(i.hci_le_set_priv_mode_cmd_handler_patch) referenced 2 times from gr_soc.o(.data)
 <LI><a href="#[eb]">hci_le_test_param_set_func_patch</a> from llm_hci_patch.o(i.hci_le_test_param_set_func_patch) referenced from llm_hci_patch.o(i.hci_le_test_param_set_func_replace)
 <LI><a href="#[ec]">hci_le_xo_param_operate_func_patch</a> from llm_hci_patch.o(i.hci_le_xo_param_operate_func_patch) referenced from llm_hci_patch.o(i.hci_le_test_param_set_func_replace)
 <LI><a href="#[4]">host_to_sdk_msg_handler_patch</a> from ble_sdk_task_patch.o(i.host_to_sdk_msg_handler_patch) referenced 2 times from gr_soc.o(.data)
 <LI><a href="#[f0]">i2c_dma_abort</a> from gr55xx_hal_i2c_patch.o(i.i2c_dma_abort) referenced from gr55xx_hal_i2c_patch.o(i.i2c_it_error)
 <LI><a href="#[140]">i2c_prepare_for_sleep</a> from app_i2c.o(i.i2c_prepare_for_sleep) referenced from app_i2c.o(.constdata)
 <LI><a href="#[8a]">i2c_updata_suspend_cb_local</a> from gr55xx_hal_i2c_patch.o(i.i2c_updata_suspend_cb_local) referenced 2 times from gr55xx_hal_i2c_patch.o(.data)
 <LI><a href="#[141]">i2c_wake_up_ind</a> from app_i2c.o(RAM_CODE) referenced from app_i2c.o(.constdata)
 <LI><a href="#[6d]">l2cap_enh_lecb_conn_cb</a> from ble_event_patch.o(i.l2cap_enh_lecb_conn_cb) referenced 2 times from ble_event_patch.o(.data)
 <LI><a href="#[6e]">l2cap_enh_lecb_conn_req_cb</a> from ble_event_patch.o(i.l2cap_enh_lecb_conn_req_cb) referenced 2 times from ble_event_patch.o(.data)
 <LI><a href="#[6f]">l2cap_enh_lecb_reconfig_cmp_cb</a> from ble_event_patch.o(i.l2cap_enh_lecb_reconfig_cmp_cb) referenced 2 times from ble_event_patch.o(.data)
 <LI><a href="#[70]">l2cap_enh_lecb_reconfig_ind_cb</a> from ble_event_patch.o(i.l2cap_enh_lecb_reconfig_ind_cb) referenced 2 times from ble_event_patch.o(.data)
 <LI><a href="#[68]">l2cap_lecb_add_credits_ind_cb</a> from ble_event_patch.o(i.l2cap_lecb_add_credits_ind_cb) referenced 2 times from ble_event_patch.o(.data)
 <LI><a href="#[67]">l2cap_lecb_conn_cb</a> from ble_event_patch.o(i.l2cap_lecb_conn_cb) referenced 2 times from ble_event_patch.o(.data)
 <LI><a href="#[66]">l2cap_lecb_conn_req_cb</a> from ble_event_patch.o(i.l2cap_lecb_conn_req_cb) referenced 2 times from ble_event_patch.o(.data)
 <LI><a href="#[6c]">l2cap_lecb_credit_add_cmp_cb</a> from ble_event_patch.o(i.l2cap_lecb_credit_add_cmp_cb) referenced 2 times from ble_event_patch.o(.data)
 <LI><a href="#[69]">l2cap_lecb_disconn_cb</a> from ble_event_patch.o(i.l2cap_lecb_disconn_cb) referenced 2 times from ble_event_patch.o(.data)
 <LI><a href="#[6a]">l2cap_lecb_sdu_recv_cb</a> from ble_event_patch.o(i.l2cap_lecb_sdu_recv_cb) referenced 2 times from ble_event_patch.o(.data)
 <LI><a href="#[6b]">l2cap_lecb_sdu_send_cb</a> from ble_event_patch.o(i.l2cap_lecb_sdu_send_cb) referenced 2 times from ble_event_patch.o(.data)
 <LI><a href="#[13]">l2cc_lecb_sdu_recv_ind_handler_patch</a> from gattc_task_patch.o(i.l2cc_lecb_sdu_recv_ind_handler_patch) referenced 2 times from gr_soc.o(.data)
 <LI><a href="#[88]">ll_connection_param_req_handler_patch</a> from llc_con_upd_patch.o(i.ll_connection_param_req_handler_patch) referenced 2 times from llc_llcp_patch.o(.data)
 <LI><a href="#[89]">ll_connection_update_ind_handler_patch</a> from llc_con_upd_patch.o(i.ll_connection_update_ind_handler_patch) referenced 2 times from llc_llcp_patch.o(.data)
 <LI><a href="#[10f]">ll_xqspi_init_patch</a> from gr55xx_ll_xqspi_patch.o(RAM_CODE) referenced from gr55xx_hal_exflash_patch.o(i.platform_xqspi_env_init)
 <LI><a href="#[f8]">llc_ch_class_en_proc_err_cb_patch</a> from llc_ch_class_patch.o(i.llc_ch_class_en_proc_err_cb_patch) referenced from llc_ch_class_patch.o(i.llc_op_ch_class_en_ind_handler_patch)
 <LI><a href="#[f9]">llc_ch_class_rep_proc_err_cb_patch</a> from llc_ch_class_patch.o(i.llc_ch_class_rep_proc_err_cb_patch) referenced from llc_ch_class_patch.o(i.llc_op_ch_class_rep_ind_handler_patch)
 <LI><a href="#[fa]">llc_ll_start_enc_rsp_ack_handler</a> from rom_symbol.txt(ABSOLUTE) referenced from llc_encrypt_patch.o(i.llc_rem_wait_start_enc_rsp_patch)
 <LI><a href="#[f7]">llc_llcp_trans_timer_set_func_patch</a> from llc_patch.o(i.llc_llcp_trans_timer_set_func_patch) referenced from llc_patch.o(i.llc_llcp_trans_timer_set_func_replace)
 <LI><a href="#[f4]">llc_loc_ch_class_en_proc_continue_func_patch</a> from llc_ch_class_patch.o(i.llc_loc_ch_class_en_proc_continue_func_patch) referenced from llc_ch_class_patch.o(i.llc_ch_class_replace)
 <LI><a href="#[f5]">llc_loc_ch_class_rep_proc_continue_func_patch</a> from llc_ch_class_patch.o(i.llc_loc_ch_class_rep_proc_continue_func_patch) referenced from llc_ch_class_patch.o(i.llc_ch_class_replace)
 <LI><a href="#[11]">llc_op_ch_class_en_ind_handler_patch</a> from llc_ch_class_patch.o(i.llc_op_ch_class_en_ind_handler_patch) referenced 2 times from gr_soc.o(.data)
 <LI><a href="#[12]">llc_op_ch_class_rep_ind_handler_patch</a> from llc_ch_class_patch.o(i.llc_op_ch_class_rep_ind_handler_patch) referenced 2 times from gr_soc.o(.data)
 <LI><a href="#[f]">llc_op_dl_upd_ind_handler_patch</a> from llc_dl_upd_patch.o(i.llc_op_dl_upd_ind_handler_patch) referenced 2 times from gr_soc.o(.data)
 <LI><a href="#[f3]">llc_rem_con_upd_proc_err_cb</a> from rom_symbol.txt(ABSOLUTE) referenced from llc_con_upd_patch.o(i.ll_connection_param_req_handler_patch)
 <LI><a href="#[f3]">llc_rem_con_upd_proc_err_cb</a> from rom_symbol.txt(ABSOLUTE) referenced from llc_con_upd_patch.o(i.ll_connection_update_ind_handler_patch)
 <LI><a href="#[ca]">llc_rem_encrypt_proc_continue_patch</a> from llc_encrypt_patch.o(i.llc_rem_encrypt_proc_continue_patch) referenced from system_sdk_patch.o(i.ble_patch_enable)
 <LI><a href="#[ca]">llc_rem_encrypt_proc_continue_patch</a> from llc_encrypt_patch.o(i.llc_rem_encrypt_proc_continue_patch) referenced from fpb_patch_init.o(i.system_driver_patch_enable)
 <LI><a href="#[f6]">llcp_handler_replace_patch</a> from llc_llcp_patch.o(i.llcp_handler_replace_patch) referenced from llc_llcp_patch.o(i.llc_llcp_replace)
 <LI><a href="#[ff]">lld_con_check_con_param_upd_instant_func_patch</a> from lld_con_patch.o(i.lld_con_check_con_param_upd_instant_func_patch) referenced from lld_con_patch.o(i.lld_con_replace)
 <LI><a href="#[fc]">lld_con_evt_canceled_patch</a> from lld_con_patch.o(i.lld_con_evt_canceled_patch) referenced from lld_con_patch.o(i.lld_con_fill_env_func_patch)
 <LI><a href="#[fb]">lld_con_evt_start_cbk_patch</a> from lld_con_patch.o(i.lld_con_evt_start_cbk_patch) referenced from lld_con_patch.o(i.lld_con_fill_env_func_patch)
 <LI><a href="#[fe]">lld_con_fill_env_func_patch</a> from lld_con_patch.o(i.lld_con_fill_env_func_patch) referenced from lld_con_patch.o(i.lld_con_replace)
 <LI><a href="#[aa]">lld_con_frm_cbk_func</a> from rom_symbol.txt(ABSOLUTE) referenced 2 times from lld_con_patch.o(.data)
 <LI><a href="#[fd]">lld_con_rx_func_patch</a> from lld_con_patch.o(i.lld_con_rx_func_patch) referenced from lld_con_patch.o(i.lld_con_replace)
 <LI><a href="#[100]">lld_con_sched_patch</a> from lld_con_patch.o(i.lld_con_sched_patch) referenced from lld_con_patch.o(i.lld_con_replace)
 <LI><a href="#[102]">lld_lcp_data_tx_patch</a> from lld_lcp_patch.o(i.lld_lcp_data_tx_patch) referenced from lld_lcp_patch.o(i.lld_lcp_replace)
 <LI><a href="#[10]">lld_llcp_rx_ind_handler_patch</a> from llc_llcp_patch.o(i.lld_llcp_rx_ind_handler_patch) referenced 2 times from gr_soc.o(.data)
 <LI><a href="#[101]">lld_supervision_to_cb</a> from rom_symbol.txt(ABSOLUTE) referenced from lld_con_patch.o(i.lld_con_sched_patch)
 <LI><a href="#[c9]">lld_test_frm_cbk_fcc_patch</a> from lld_test_patch.o(i.lld_test_frm_cbk_fcc_patch) referenced from lld_test_patch.o(i.bb_watch_timer_start_fcc_patch)
 <LI><a href="#[6]">llm_hci_command_handler_patch</a> from llm_hci_patch.o(i.llm_hci_command_handler_patch) referenced 2 times from gr_soc.o(.data)
 <LI><a href="#[ae]">main_init</a> from gr_platform.o(i.main_init) referenced from startup.o(.text)
 <LI><a href="#[105]">nvds_init_replace</a> from sdk_nvds_patch.o(i.nvds_init_replace) referenced from sdk_nvds_patch.o(i.nvds_replace)
 <LI><a href="#[106]">nvds_put_replace</a> from sdk_nvds_patch.o(i.nvds_put_replace) referenced from sdk_nvds_patch.o(i.nvds_replace)
 <LI><a href="#[107]">otas_ble_evt_handler</a> from otas.o(i.otas_ble_evt_handler) referenced from otas.o(i.otas_service_init)
 <LI><a href="#[d9]">otas_evt_process</a> from dfu_port.o(i.otas_evt_process) referenced from dfu_port.o(i.dfu_service_init)
 <LI><a href="#[139]">patch_init</a> from gr_soc.o(i.patch_init) referenced from gr_soc.o(.constdata)
 <LI><a href="#[130]">pmu_timer_handler</a> from pmu_calibration.o(i.pmu_timer_handler) referenced from pmu_calibration.o(i.pmu_timer_handler)
 <LI><a href="#[130]">pmu_timer_handler</a> from pmu_calibration.o(i.pmu_timer_handler) referenced from pmu_calibration.o(i.system_pmu_calibration_init)
 <LI><a href="#[133]">print_test_task</a> from main.o(i.print_test_task) referenced from main.o(i.vStartTasks)
 <LI><a href="#[d6]">program_end_replace</a> from dfu_port.o(i.program_end_replace) referenced from dfu_port.o(i.dfu_port_init)
 <LI><a href="#[d5]">program_flash_replace</a> from dfu_port.o(i.program_flash_replace) referenced from dfu_port.o(i.dfu_port_init)
 <LI><a href="#[d4]">program_start_replace</a> from dfu_port.o(i.program_start_replace) referenced from dfu_port.o(i.dfu_port_init)
 <LI><a href="#[135]">prvIdleTask</a> from tasks.o(i.prvIdleTask) referenced from tasks.o(i.vTaskStartScheduler)
 <LI><a href="#[113]">prvTaskExitError</a> from port.o(i.prvTaskExitError) referenced from port.o(i.pxPortInitialiseStack)
 <LI><a href="#[137]">prvTimerTask</a> from timers.o(i.prvTimerTask) referenced from timers.o(i.xTimerCreateTimerTask)
 <LI><a href="#[c0]">pwr_enter_sleep_check_new</a> from app_pwr_mgmt.o(i.pwr_enter_sleep_check_new) referenced from app_pwr_mgmt.o(i.app_pwr_mgmt_init)
 <LI><a href="#[112]">pwr_mgmt_shutdown_local_patch</a> from sdk_pwr_mgmt_patch.o(RAM_CODE) referenced from sdk_pwr_mgmt_patch.o(i.pwr_mgmt_shutdown_replace)
 <LI><a href="#[bf]">pwr_wake_up_ind_new</a> from app_pwr_mgmt.o(RAM_CODE) referenced from app_pwr_mgmt.o(i.app_pwr_mgmt_init)
 <LI><a href="#[11a]">rf_force_agc_enable</a> from rf_gdx_bali_b1_patch.o(i.rf_force_agc_enable) referenced from rf_gdx_bali_b1_patch.o(i.rf_api_init)
 <LI><a href="#[11c]">rf_init_patch</a> from rf_gdx_bali_b1_patch.o(i.rf_init_patch) referenced from rf_gdx_bali_b1_patch.o(i.rf_gdx_replace)
 <LI><a href="#[11d]">rf_lcp_api_init_patch</a> from rf_gdx_bali_b1_patch.o(i.rf_lcp_api_init_patch) referenced from rf_gdx_bali_b1_patch.o(i.rf_gdx_replace)
 <LI><a href="#[11f]">rf_lcp_hopping_table_reinit_patch</a> from rf_gdx_bali_b1_patch.o(i.rf_lcp_hopping_table_reinit_patch) referenced from rf_gdx_bali_b1_patch.o(i.rf_lcp_api_init_patch)
 <LI><a href="#[11e]">rf_lcp_sx_init_patch</a> from rf_gdx_bali_b1_patch.o(i.rf_lcp_sx_init_patch) referenced from rf_gdx_bali_b1_patch.o(i.rf_lcp_api_init_patch)
 <LI><a href="#[117]">rf_reset</a> from rf_gdx_bali_b1_patch.o(i.rf_reset) referenced from rf_gdx_bali_b1_patch.o(i.rf_api_init)
 <LI><a href="#[118]">rf_rssi_convert</a> from rf_gdx_bali_b1_patch.o(i.rf_rssi_convert) referenced from rf_gdx_bali_b1_patch.o(i.rf_api_init)
 <LI><a href="#[119]">rf_txpwr_cs_get</a> from rf_gdx_bali_b1_patch.o(i.rf_txpwr_cs_get) referenced from rf_gdx_bali_b1_patch.o(i.rf_api_init)
 <LI><a href="#[116]">rf_txpwr_dbm_get</a> from rf_gdx_bali_b1_patch.o(i.rf_txpwr_dbm_get) referenced from rf_gdx_bali_b1_patch.o(i.rf_api_init)
 <LI><a href="#[11b]">rf_wakeup_init_patch</a> from rf_gdx_bali_b1_patch.o(i.rf_wakeup_init_patch) referenced from rf_gdx_bali_b1_patch.o(i.rf_gdx_replace)
 <LI><a href="#[120]">rwble_isr_func_patch</a> from rwble_patch.o(i.rwble_isr_func_patch) referenced from rwble_patch.o(i.rwble_isr_replace)
 <LI><a href="#[12a]">sch_arb_insert_func_patch</a> from sch_arb_patch.o(i.sch_arb_insert_func_patch) referenced from sch_arb_patch.o(i.sch_arb_replace)
 <LI><a href="#[12b]">sch_prog_fifo_isr_func_patch</a> from sch_prog_patch.o(RAM_CODE) referenced from sch_prog_patch.o(i.sch_prog_replace)
 <LI><a href="#[da]">sch_prog_push_patch</a> from sch_prog_patch.o(RAM_CODE) referenced from lld_test_patch.o(i.dtm_test_init_patch)
 <LI><a href="#[da]">sch_prog_push_patch</a> from sch_prog_patch.o(RAM_CODE) referenced from sch_prog_patch.o(i.sch_prog_replace)
 <LI><a href="#[c]">sec_rcv_bond_req_ind_handler_patch</a> from ble_sdk_sec_patch.o(i.sec_rcv_bond_req_ind_handler_patch) referenced 2 times from gr_soc.o(.data)
 <LI><a href="#[62]">sec_rcv_enc_ind_cb</a> from ble_event_patch.o(i.sec_rcv_enc_ind_cb) referenced 2 times from ble_event_patch.o(.data)
 <LI><a href="#[61]">sec_rcv_enc_req_cb</a> from ble_event_patch.o(i.sec_rcv_enc_req_cb) referenced 2 times from ble_event_patch.o(.data)
 <LI><a href="#[b]">sec_rcv_encrypt_req_ind_handler_patch</a> from ble_sdk_sec_patch.o(i.sec_rcv_encrypt_req_ind_handler_patch) referenced 2 times from gr_soc.o(.data)
 <LI><a href="#[64]">sec_rcv_key_missing_cb</a> from ble_event_patch.o(i.sec_rcv_key_missing_cb) referenced 2 times from ble_event_patch.o(.data)
 <LI><a href="#[63]">sec_rcv_keypress_notify_cb</a> from ble_event_patch.o(i.sec_rcv_keypress_notify_cb) referenced 2 times from ble_event_patch.o(.data)
 <LI><a href="#[138]">second_class_task</a> from gr_soc.o(i.second_class_task) referenced from gr_soc.o(.constdata)
 <LI><a href="#[13e]">spi_prepare_for_sleep</a> from app_spi.o(i.spi_prepare_for_sleep) referenced from app_spi.o(.constdata)
 <LI><a href="#[13f]">spi_wake_up_ind</a> from app_spi.o(RAM_CODE) referenced from app_spi.o(.constdata)
 <LI><a href="#[12d]">srpg_sleep_local_patch</a> from srpg_manager_patch.o(RAM_CODE) referenced from srpg_manager_patch.o(i.srpg_sleep_replace)
 <LI><a href="#[10b]">sys_context_restore_func</a> from platform_sys_context.o(RAM_CODE) referenced from platform_sdk.o(i.platform_sdk_init)
 <LI><a href="#[10a]">sys_context_save_func</a> from platform_sys_context.o(RAM_CODE) referenced from platform_sdk.o(i.platform_sdk_init)
 <LI><a href="#[10d]">sys_context_srpg_restore_func</a> from platform_sys_context.o(RAM_CODE) referenced from platform_sdk.o(i.platform_sdk_init)
 <LI><a href="#[10c]">sys_context_srpg_save_func</a> from platform_sys_context.o(RAM_CODE) referenced from platform_sdk.o(i.platform_sdk_init)
 <LI><a href="#[142]">system_platform_init</a> from gr_platform.o(i.system_platform_init) referenced from gr_platform.o(.init_array)
 <LI><a href="#[ea]">uart_dma_abort_on_error</a> from rom_symbol.txt(ABSOLUTE) referenced from gr55xx_hal_uart_patch.o(i.hal_uart_irq_handler)
 <LI><a href="#[13c]">uart_prepare_for_sleep</a> from app_uart.o(i.uart_prepare_for_sleep) referenced from app_uart.o(.constdata)
 <LI><a href="#[13d]">uart_wake_up_ind</a> from app_uart.o(RAM_CODE) referenced from app_uart.o(.constdata)
 <LI><a href="#[131]">ultra_srpg_patch</a> from sdk_pwr_mgmt_patch.o(RAM_CODE) referenced from sdk_pwr_mgmt_patch.o(i.ultra_wfi_replace)
 <LI><a href="#[136]">vPortSVCHandler</a> from port.o(.emb_text) referenced from port.o(i.xPortStartScheduler)
 <LI><a href="#[104]">vStartTasks</a> from main.o(i.vStartTasks) referenced from main.o(i.main)
 <LI><a href="#[e7]">warm_boot_clock_init</a> from gr55xx_hal_clock_patch.o(RAM_CODE) referenced from gr55xx_hal_clock_patch.o(i.hal_clock_function_replace)
 <LI><a href="#[10e]">warm_boot_second</a> from platform_sdk.o(RAM_CODE) referenced from platform_sdk.o(i.platform_sdk_init)
</UL>
<P>
<H3>
Global Symbols
</H3>
<P><STRONG><a name="[554]"></a>restore_sys_context</STRONG> (Thumb, 0 bytes, Stack size 0 bytes, rom_symbol.txt(ABSOLUTE))
<BR><BR>[Called By]<UL><LI><a href="#[112]">&gt;&gt;</a>&nbsp;&nbsp;&nbsp;pwr_mgmt_shutdown_local_patch
</UL>

<P><STRONG><a name="[2c1]"></a>assert_err</STRONG> (Thumb, 0 bytes, Stack size 0 bytes, rom_symbol.txt(ABSOLUTE))
<BR><BR>[Called By]<UL><LI><a href="#[fb]">&gt;&gt;</a>&nbsp;&nbsp;&nbsp;lld_con_evt_start_cbk_patch
<LI><a href="#[fc]">&gt;&gt;</a>&nbsp;&nbsp;&nbsp;lld_con_evt_canceled_patch
<LI><a href="#[2c0]">&gt;&gt;</a>&nbsp;&nbsp;&nbsp;em_ble_rxwincntl_pack_patch
<LI><a href="#[4cb]">&gt;&gt;</a>&nbsp;&nbsp;&nbsp;rf_lcp_sx_output
<LI><a href="#[12a]">&gt;&gt;</a>&nbsp;&nbsp;&nbsp;sch_arb_insert_func_patch
<LI><a href="#[e0]">&gt;&gt;</a>&nbsp;&nbsp;&nbsp;gap_init_fsm_next_func_patch
</UL>

<P><STRONG><a name="[3ae]"></a>assert_param</STRONG> (Thumb, 0 bytes, Stack size 0 bytes, rom_symbol.txt(ABSOLUTE))
<BR><BR>[Called By]<UL><LI><a href="#[10]">&gt;&gt;</a>&nbsp;&nbsp;&nbsp;lld_llcp_rx_ind_handler_patch
<LI><a href="#[fd]">&gt;&gt;</a>&nbsp;&nbsp;&nbsp;lld_con_rx_func_patch
<LI><a href="#[ca]">&gt;&gt;</a>&nbsp;&nbsp;&nbsp;llc_rem_encrypt_proc_continue_patch
<LI><a href="#[120]">&gt;&gt;</a>&nbsp;&nbsp;&nbsp;rwble_isr_func_patch
<LI><a href="#[12a]">&gt;&gt;</a>&nbsp;&nbsp;&nbsp;sch_arb_insert_func_patch
<LI><a href="#[f9]">&gt;&gt;</a>&nbsp;&nbsp;&nbsp;llc_ch_class_rep_proc_err_cb_patch
<LI><a href="#[f8]">&gt;&gt;</a>&nbsp;&nbsp;&nbsp;llc_ch_class_en_proc_err_cb_patch
</UL>

<P><STRONG><a name="[3e4]"></a>assert_warn</STRONG> (Thumb, 0 bytes, Stack size 0 bytes, rom_symbol.txt(ABSOLUTE))
<BR><BR>[Called By]<UL><LI><a href="#[20f]">&gt;&gt;</a>&nbsp;&nbsp;&nbsp;pwr_mgmt_mode_set
<LI><a href="#[102]">&gt;&gt;</a>&nbsp;&nbsp;&nbsp;lld_lcp_data_tx_patch
</UL>

<P><STRONG><a name="[31d]"></a>attmdb_destroy</STRONG> (Thumb, 0 bytes, Stack size 0 bytes, rom_symbol.txt(ABSOLUTE))
<BR><BR>[Called By]<UL><LI><a href="#[9]">&gt;&gt;</a>&nbsp;&nbsp;&nbsp;gapm_set_dev_config_cmd_handler_patch
</UL>

<P><STRONG><a name="[3f0]"></a>ble_util_buf_acl_tx_free</STRONG> (Thumb, 0 bytes, Stack size 0 bytes, rom_symbol.txt(ABSOLUTE))
<BR><BR>[Called By]<UL><LI><a href="#[3ed]">&gt;&gt;</a>&nbsp;&nbsp;&nbsp;lld_test_frm_isr_fcc_patch
</UL>

<P><STRONG><a name="[3ec]"></a>ble_util_buf_rx_free</STRONG> (Thumb, 0 bytes, Stack size 0 bytes, rom_symbol.txt(ABSOLUTE))
<BR><BR>[Called By]<UL><LI><a href="#[10]">&gt;&gt;</a>&nbsp;&nbsp;&nbsp;lld_llcp_rx_ind_handler_patch
</UL>

<P><STRONG><a name="[571]"></a>blecore_register_settings_reload</STRONG> (Thumb, 0 bytes, Stack size 0 bytes, rom_symbol.txt(ABSOLUTE))
<BR><BR>[Called By]<UL><LI><a href="#[56e]">&gt;&gt;</a>&nbsp;&nbsp;&nbsp;ble_pwr_on_wakeup_reset_core
</UL>

<P><STRONG><a name="[3d8]"></a>ch_class_enable_proc_start</STRONG> (Thumb, 0 bytes, Stack size 0 bytes, rom_symbol.txt(ABSOLUTE))
<BR><BR>[Called By]<UL><LI><a href="#[fd]">&gt;&gt;</a>&nbsp;&nbsp;&nbsp;lld_con_rx_func_patch
</UL>

<P><STRONG><a name="[4d4]"></a>co_list_extract_sublist</STRONG> (Thumb, 0 bytes, Stack size 0 bytes, rom_symbol.txt(ABSOLUTE))
<BR><BR>[Called By]<UL><LI><a href="#[12a]">&gt;&gt;</a>&nbsp;&nbsp;&nbsp;sch_arb_insert_func_patch
</UL>

<P><STRONG><a name="[4d5]"></a>co_list_insert_after</STRONG> (Thumb, 0 bytes, Stack size 0 bytes, rom_symbol.txt(ABSOLUTE))
<BR><BR>[Called By]<UL><LI><a href="#[12a]">&gt;&gt;</a>&nbsp;&nbsp;&nbsp;sch_arb_insert_func_patch
</UL>

<P><STRONG><a name="[4d6]"></a>co_list_push_front</STRONG> (Thumb, 0 bytes, Stack size 0 bytes, rom_symbol.txt(ABSOLUTE))
<BR><BR>[Called By]<UL><LI><a href="#[12a]">&gt;&gt;</a>&nbsp;&nbsp;&nbsp;sch_arb_insert_func_patch
</UL>

<P><STRONG><a name="[3ea]"></a>co_util_unpack</STRONG> (Thumb, 0 bytes, Stack size 0 bytes, rom_symbol.txt(ABSOLUTE))
<BR><BR>[Called By]<UL><LI><a href="#[10]">&gt;&gt;</a>&nbsp;&nbsp;&nbsp;lld_llcp_rx_ind_handler_patch
</UL>

<P><STRONG><a name="[3e7]"></a>dbg_is_tst_pt_en</STRONG> (Thumb, 0 bytes, Stack size 0 bytes, rom_symbol.txt(ABSOLUTE))
<BR><BR>[Called By]<UL><LI><a href="#[10]">&gt;&gt;</a>&nbsp;&nbsp;&nbsp;lld_llcp_rx_ind_handler_patch
</UL>

<P><STRONG><a name="[42b]"></a>delay_ms</STRONG> (Thumb, 0 bytes, Stack size 0 bytes, rom_symbol.txt(ABSOLUTE))
<BR><BR>[Called By]<UL><LI><a href="#[d6]">&gt;&gt;</a>&nbsp;&nbsp;&nbsp;program_end_replace
<LI><a href="#[4e9]">&gt;&gt;</a>&nbsp;&nbsp;&nbsp;start_ch_hp_gain_get
<LI><a href="#[4be]">&gt;&gt;</a>&nbsp;&nbsp;&nbsp;rf_hp_gain_calibration
<LI><a href="#[427]">&gt;&gt;</a>&nbsp;&nbsp;&nbsp;out_of_band_hp_gain_calibration
<LI><a href="#[4f3]">&gt;&gt;</a>&nbsp;&nbsp;&nbsp;sys_pmu_ddvs_initial_dcore_train
</UL>

<P><STRONG><a name="[1c1]"></a>delay_us</STRONG> (Thumb, 0 bytes, Stack size 0 bytes, rom_symbol.txt(ABSOLUTE))
<BR><BR>[Called By]<UL><LI><a href="#[4a9]">&gt;&gt;</a>&nbsp;&nbsp;&nbsp;qmi8658_delay_us
<LI><a href="#[228]">&gt;&gt;</a>&nbsp;&nbsp;&nbsp;low_level_timer_stop
<LI><a href="#[22b]">&gt;&gt;</a>&nbsp;&nbsp;&nbsp;low_level_timer_startup
<LI><a href="#[56e]">&gt;&gt;</a>&nbsp;&nbsp;&nbsp;ble_pwr_on_wakeup_reset_core
<LI><a href="#[4cc]">&gt;&gt;</a>&nbsp;&nbsp;&nbsp;sxpll_working_min_vco_ldo_vref_get
<LI><a href="#[42a]">&gt;&gt;</a>&nbsp;&nbsp;&nbsp;rf_SX_reset
<LI><a href="#[429]">&gt;&gt;</a>&nbsp;&nbsp;&nbsp;rf_SX_enable
<LI><a href="#[11e]">&gt;&gt;</a>&nbsp;&nbsp;&nbsp;rf_lcp_sx_init_patch
<LI><a href="#[258]">&gt;&gt;</a>&nbsp;&nbsp;&nbsp;sys_delay_us
<LI><a href="#[ca]">&gt;&gt;</a>&nbsp;&nbsp;&nbsp;llc_rem_encrypt_proc_continue_patch
<LI><a href="#[441]">&gt;&gt;</a>&nbsp;&nbsp;&nbsp;system_low_power_set
<LI><a href="#[4f2]">&gt;&gt;</a>&nbsp;&nbsp;&nbsp;sys_pmu_ddvs_ringo_cnt_get
<LI><a href="#[1d2]">&gt;&gt;</a>&nbsp;&nbsp;&nbsp;mem_retention_voltage_set
<LI><a href="#[1b2]">&gt;&gt;</a>&nbsp;&nbsp;&nbsp;cpll_reset
<LI><a href="#[1c0]">&gt;&gt;</a>&nbsp;&nbsp;&nbsp;_adc_try_set_clock
<LI><a href="#[1c2]">&gt;&gt;</a>&nbsp;&nbsp;&nbsp;_adc_lock_and_save
<LI><a href="#[1bf]">&gt;&gt;</a>&nbsp;&nbsp;&nbsp;_adc_conversion
<LI><a href="#[293]">&gt;&gt;</a>&nbsp;&nbsp;&nbsp;boot_clock_calib_start
<LI><a href="#[439]">&gt;&gt;</a>&nbsp;&nbsp;&nbsp;platform_set_ble_clk
<LI><a href="#[43b]">&gt;&gt;</a>&nbsp;&nbsp;&nbsp;platform_idle_clock_turn_off
<LI><a href="#[110]">&gt;&gt;</a>&nbsp;&nbsp;&nbsp;hal_exflash_init_patch
<LI><a href="#[55c]">&gt;&gt;</a>&nbsp;&nbsp;&nbsp;pwr_mgmt_ultra_sleep
<LI><a href="#[112]">&gt;&gt;</a>&nbsp;&nbsp;&nbsp;pwr_mgmt_shutdown_local_patch
</UL>

<P><STRONG><a name="[39e]"></a>eatt_chan_rx_credit_add</STRONG> (Thumb, 0 bytes, Stack size 0 bytes, rom_symbol.txt(ABSOLUTE))
<BR><BR>[Called By]<UL><LI><a href="#[13]">&gt;&gt;</a>&nbsp;&nbsp;&nbsp;l2cc_lecb_sdu_recv_ind_handler_patch
</UL>

<P><STRONG><a name="[563]"></a>exflash_check_id</STRONG> (Thumb, 0 bytes, Stack size 0 bytes, rom_symbol.txt(ABSOLUTE))
<BR><BR>[Called By]<UL><LI><a href="#[110]">&gt;&gt;</a>&nbsp;&nbsp;&nbsp;hal_exflash_init_patch
</UL>

<P><STRONG><a name="[562]"></a>exflash_wakeup</STRONG> (Thumb, 0 bytes, Stack size 0 bytes, rom_symbol.txt(ABSOLUTE))
<BR><BR>[Called By]<UL><LI><a href="#[110]">&gt;&gt;</a>&nbsp;&nbsp;&nbsp;hal_exflash_init_patch
</UL>

<P><STRONG><a name="[560]"></a>exflash_write_status</STRONG> (Thumb, 0 bytes, Stack size 0 bytes, rom_symbol.txt(ABSOLUTE))
<BR><BR>[Called By]<UL><LI><a href="#[567]">&gt;&gt;</a>&nbsp;&nbsp;&nbsp;hal_exflash_write_status_reg
<LI><a href="#[55e]">&gt;&gt;</a>&nbsp;&nbsp;&nbsp;exflash_enable_quad_patch
</UL>

<P><STRONG><a name="[586]"></a>force_dpad_le_high</STRONG> (Thumb, 0 bytes, Stack size 0 bytes, rom_symbol.txt(ABSOLUTE))
<BR><BR>[Called By]<UL><LI><a href="#[10d]">&gt;&gt;</a>&nbsp;&nbsp;&nbsp;sys_context_srpg_restore_func
<LI><a href="#[10b]">&gt;&gt;</a>&nbsp;&nbsp;&nbsp;sys_context_restore_func
</UL>

<P><STRONG><a name="[31a]"></a>gapc_get_conhdl</STRONG> (Thumb, 0 bytes, Stack size 0 bytes, rom_symbol.txt(ABSOLUTE))
<BR><BR>[Called By]<UL><LI><a href="#[e3]">&gt;&gt;</a>&nbsp;&nbsp;&nbsp;gapm_per_sync_stop_patch
</UL>

<P><STRONG><a name="[36e]"></a>gapc_get_dest_task</STRONG> (Thumb, 0 bytes, Stack size 0 bytes, rom_symbol.txt(ABSOLUTE))
<BR><BR>[Called By]<UL><LI><a href="#[30c]">&gt;&gt;</a>&nbsp;&nbsp;&nbsp;hci_disc_cmp_evt_handler_patch
</UL>

<P><STRONG><a name="[36f]"></a>gapc_send_disconect_ind</STRONG> (Thumb, 0 bytes, Stack size 0 bytes, rom_symbol.txt(ABSOLUTE))
<BR><BR>[Called By]<UL><LI><a href="#[30c]">&gt;&gt;</a>&nbsp;&nbsp;&nbsp;hci_disc_cmp_evt_handler_patch
</UL>

<P><STRONG><a name="[370]"></a>gapc_send_error_evt</STRONG> (Thumb, 0 bytes, Stack size 0 bytes, rom_symbol.txt(ABSOLUTE))
<BR><BR>[Called By]<UL><LI><a href="#[30c]">&gt;&gt;</a>&nbsp;&nbsp;&nbsp;hci_disc_cmp_evt_handler_patch
</UL>

<P><STRONG><a name="[315]"></a>gapm_actv_alloc</STRONG> (Thumb, 0 bytes, Stack size 0 bytes, rom_symbol.txt(ABSOLUTE))
<BR><BR>[Called By]<UL><LI><a href="#[312]">&gt;&gt;</a>&nbsp;&nbsp;&nbsp;gapm_per_sync_create_patch
</UL>

<P><STRONG><a name="[30e]"></a>gapm_actv_check_create_param</STRONG> (Thumb, 0 bytes, Stack size 0 bytes, rom_symbol.txt(ABSOLUTE))
<BR><BR>[Called By]<UL><LI><a href="#[a]">&gt;&gt;</a>&nbsp;&nbsp;&nbsp;gapm_activity_create_cmd_handler_patch
</UL>

<P><STRONG><a name="[317]"></a>gapm_actv_created</STRONG> (Thumb, 0 bytes, Stack size 0 bytes, rom_symbol.txt(ABSOLUTE))
<BR><BR>[Called By]<UL><LI><a href="#[312]">&gt;&gt;</a>&nbsp;&nbsp;&nbsp;gapm_per_sync_create_patch
</UL>

<P><STRONG><a name="[30f]"></a>gapm_actv_get_free_idx</STRONG> (Thumb, 0 bytes, Stack size 0 bytes, rom_symbol.txt(ABSOLUTE))
<BR><BR>[Called By]<UL><LI><a href="#[a]">&gt;&gt;</a>&nbsp;&nbsp;&nbsp;gapm_activity_create_cmd_handler_patch
</UL>

<P><STRONG><a name="[310]"></a>gapm_adv_create</STRONG> (Thumb, 0 bytes, Stack size 0 bytes, rom_symbol.txt(ABSOLUTE))
<BR><BR>[Called By]<UL><LI><a href="#[a]">&gt;&gt;</a>&nbsp;&nbsp;&nbsp;gapm_activity_create_cmd_handler_patch
</UL>

<P><STRONG><a name="[371]"></a>gapm_con_cleanup</STRONG> (Thumb, 0 bytes, Stack size 0 bytes, rom_symbol.txt(ABSOLUTE))
<BR><BR>[Called By]<UL><LI><a href="#[30c]">&gt;&gt;</a>&nbsp;&nbsp;&nbsp;hci_disc_cmp_evt_handler_patch
</UL>

<P><STRONG><a name="[31c]"></a>gapm_dle_val_check</STRONG> (Thumb, 0 bytes, Stack size 0 bytes, rom_symbol.txt(ABSOLUTE))
<BR><BR>[Called By]<UL><LI><a href="#[9]">&gt;&gt;</a>&nbsp;&nbsp;&nbsp;gapm_set_dev_config_cmd_handler_patch
</UL>

<P><STRONG><a name="[316]"></a>gapm_get_requester</STRONG> (Thumb, 0 bytes, Stack size 0 bytes, rom_symbol.txt(ABSOLUTE))
<BR><BR>[Called By]<UL><LI><a href="#[312]">&gt;&gt;</a>&nbsp;&nbsp;&nbsp;gapm_per_sync_create_patch
</UL>

<P><STRONG><a name="[313]"></a>gapm_init_create</STRONG> (Thumb, 0 bytes, Stack size 0 bytes, rom_symbol.txt(ABSOLUTE))
<BR><BR>[Called By]<UL><LI><a href="#[a]">&gt;&gt;</a>&nbsp;&nbsp;&nbsp;gapm_activity_create_cmd_handler_patch
</UL>

<P><STRONG><a name="[31f]"></a>gapm_le_psm_cleanup</STRONG> (Thumb, 0 bytes, Stack size 0 bytes, rom_symbol.txt(ABSOLUTE))
<BR><BR>[Called By]<UL><LI><a href="#[9]">&gt;&gt;</a>&nbsp;&nbsp;&nbsp;gapm_set_dev_config_cmd_handler_patch
</UL>

<P><STRONG><a name="[31b]"></a>gapm_per_adv_sync_trans_param_send</STRONG> (Thumb, 0 bytes, Stack size 0 bytes, rom_symbol.txt(ABSOLUTE))
<BR><BR>[Called By]<UL><LI><a href="#[e3]">&gt;&gt;</a>&nbsp;&nbsp;&nbsp;gapm_per_sync_stop_patch
</UL>

<P><STRONG><a name="[e4]"></a>gapm_per_sync_delete</STRONG> (Thumb, 0 bytes, Stack size 0 bytes, rom_symbol.txt(ABSOLUTE), UNUSED)
<BR>[Address Reference Count : 1]<UL><LI> gapm_per_sync_patch.o(i.gapm_per_sync_create_patch)
</UL>
<P><STRONG><a name="[319]"></a>gapm_per_sync_send_hci_le_per_adv_create_sync_cancel_cmd</STRONG> (Thumb, 0 bytes, Stack size 0 bytes, rom_symbol.txt(ABSOLUTE))
<BR><BR>[Called By]<UL><LI><a href="#[e3]">&gt;&gt;</a>&nbsp;&nbsp;&nbsp;gapm_per_sync_stop_patch
</UL>

<P><STRONG><a name="[318]"></a>gapm_per_sync_send_hci_le_per_adv_term_sync_cmd</STRONG> (Thumb, 0 bytes, Stack size 0 bytes, rom_symbol.txt(ABSOLUTE))
<BR><BR>[Called By]<UL><LI><a href="#[e3]">&gt;&gt;</a>&nbsp;&nbsp;&nbsp;gapm_per_sync_stop_patch
</UL>

<P><STRONG><a name="[e2]"></a>gapm_per_sync_start</STRONG> (Thumb, 0 bytes, Stack size 0 bytes, rom_symbol.txt(ABSOLUTE), UNUSED)
<BR>[Address Reference Count : 1]<UL><LI> gapm_per_sync_patch.o(i.gapm_per_sync_create_patch)
</UL>
<P><STRONG><a name="[30d]"></a>gapm_process_op</STRONG> (Thumb, 0 bytes, Stack size 0 bytes, rom_symbol.txt(ABSOLUTE))
<BR><BR>[Called By]<UL><LI><a href="#[9]">&gt;&gt;</a>&nbsp;&nbsp;&nbsp;gapm_set_dev_config_cmd_handler_patch
<LI><a href="#[a]">&gt;&gt;</a>&nbsp;&nbsp;&nbsp;gapm_activity_create_cmd_handler_patch
</UL>

<P><STRONG><a name="[311]"></a>gapm_scan_create</STRONG> (Thumb, 0 bytes, Stack size 0 bytes, rom_symbol.txt(ABSOLUTE))
<BR><BR>[Called By]<UL><LI><a href="#[a]">&gt;&gt;</a>&nbsp;&nbsp;&nbsp;gapm_activity_create_cmd_handler_patch
</UL>

<P><STRONG><a name="[39c]"></a>gatt_eatt_cid_index_get</STRONG> (Thumb, 0 bytes, Stack size 0 bytes, rom_symbol.txt(ABSOLUTE))
<BR><BR>[Called By]<UL><LI><a href="#[13]">&gt;&gt;</a>&nbsp;&nbsp;&nbsp;l2cc_lecb_sdu_recv_ind_handler_patch
</UL>

<P><STRONG><a name="[56f]"></a>global_int_disable</STRONG> (Thumb, 0 bytes, Stack size 0 bytes, rom_symbol.txt(ABSOLUTE))
<BR><BR>[Called By]<UL><LI><a href="#[56e]">&gt;&gt;</a>&nbsp;&nbsp;&nbsp;ble_pwr_on_wakeup_reset_core
</UL>

<P><STRONG><a name="[572]"></a>global_int_enable</STRONG> (Thumb, 0 bytes, Stack size 0 bytes, rom_symbol.txt(ABSOLUTE))
<BR><BR>[Called By]<UL><LI><a href="#[56e]">&gt;&gt;</a>&nbsp;&nbsp;&nbsp;ble_pwr_on_wakeup_reset_core
</UL>

<P><STRONG><a name="[32f]"></a>hal_aon_gpio_init_ext</STRONG> (Thumb, 0 bytes, Stack size 0 bytes, rom_symbol.txt(ABSOLUTE))
<BR><BR>[Called By]<UL><LI><a href="#[201]">&gt;&gt;</a>&nbsp;&nbsp;&nbsp;hal_aon_gpio_init
</UL>

<P><STRONG><a name="[534]"></a>hal_aon_gpio_irq_handler</STRONG> (Thumb, 0 bytes, Stack size 0 bytes, rom_symbol.txt(ABSOLUTE))
<BR><BR>[Called By]<UL><LI><a href="#[bd]">&gt;&gt;</a>&nbsp;&nbsp;&nbsp;AON_EXT_IRQHandler
</UL>

<P><STRONG><a name="[32e]"></a>hal_aon_gpio_register_callback</STRONG> (Thumb, 0 bytes, Stack size 0 bytes, rom_symbol.txt(ABSOLUTE))
<BR><BR>[Called By]<UL><LI><a href="#[201]">&gt;&gt;</a>&nbsp;&nbsp;&nbsp;hal_aon_gpio_init
</UL>

<P><STRONG><a name="[204]"></a>hal_aon_gpio_write_pin</STRONG> (Thumb, 0 bytes, Stack size 0 bytes, rom_symbol.txt(ABSOLUTE))
<BR><BR>[Called By]<UL><LI><a href="#[1dd]">&gt;&gt;</a>&nbsp;&nbsp;&nbsp;app_io_write_pin
</UL>

<P><STRONG><a name="[331]"></a>hal_clock_clear_device_xo_request_status</STRONG> (Thumb, 0 bytes, Stack size 0 bytes, rom_symbol.txt(ABSOLUTE))
<BR><BR>[Called By]<UL><LI><a href="#[12e]">&gt;&gt;</a>&nbsp;&nbsp;&nbsp;hal_clock_release_xo_osc_patch
</UL>

<P><STRONG><a name="[29c]"></a>hal_clock_release_xo_osc</STRONG> (Thumb, 0 bytes, Stack size 0 bytes, rom_symbol.txt(ABSOLUTE))
<BR><BR>[Called By]<UL><LI><a href="#[28e]">&gt;&gt;</a>&nbsp;&nbsp;&nbsp;ble_release_xo_osc
<LI><a href="#[4eb]">&gt;&gt;</a>&nbsp;&nbsp;&nbsp;sys_pmu_ddvs_digcore_code_get
<LI><a href="#[454]">&gt;&gt;</a>&nbsp;&nbsp;&nbsp;sys_pmu_ddvs_dcore_adjust
<LI><a href="#[29b]">&gt;&gt;</a>&nbsp;&nbsp;&nbsp;clock_calib_state_clear
</UL>

<P><STRONG><a name="[261]"></a>hal_clock_request_xo_osc</STRONG> (Thumb, 0 bytes, Stack size 0 bytes, rom_symbol.txt(ABSOLUTE))
<BR><BR>[Called By]<UL><LI><a href="#[25f]">&gt;&gt;</a>&nbsp;&nbsp;&nbsp;ble_core_init_without_stack_init
<LI><a href="#[4eb]">&gt;&gt;</a>&nbsp;&nbsp;&nbsp;sys_pmu_ddvs_digcore_code_get
<LI><a href="#[454]">&gt;&gt;</a>&nbsp;&nbsp;&nbsp;sys_pmu_ddvs_dcore_adjust
<LI><a href="#[3fa]">&gt;&gt;</a>&nbsp;&nbsp;&nbsp;low_power_clock_calib_start
<LI><a href="#[2ca]">&gt;&gt;</a>&nbsp;&nbsp;&nbsp;hfosc_clk_calib_inner_start_new
<LI><a href="#[293]">&gt;&gt;</a>&nbsp;&nbsp;&nbsp;boot_clock_calib_start
</UL>

<P><STRONG><a name="[12f]"></a>hal_clock_request_xo_osc_ori</STRONG> (Thumb, 0 bytes, Stack size 0 bytes, rom_symbol.txt(ABSOLUTE), UNUSED)
<BR>[Address Reference Count : 1]<UL><LI> gr55xx_hal_clock_patch.o(i.sys_xo_hf_clock_switch_enable)
</UL>
<P><STRONG><a name="[34e]"></a>hal_dma_abort_it</STRONG> (Thumb, 0 bytes, Stack size 0 bytes, rom_symbol.txt(ABSOLUTE))
<BR><BR>[Called By]<UL><LI><a href="#[1b6]">&gt;&gt;</a>&nbsp;&nbsp;&nbsp;hal_uart_irq_handler
<LI><a href="#[33e]">&gt;&gt;</a>&nbsp;&nbsp;&nbsp;hal_i2c_master_abort_it
<LI><a href="#[34c]">&gt;&gt;</a>&nbsp;&nbsp;&nbsp;i2c_it_error
</UL>

<P><STRONG><a name="[392]"></a>hal_dwt_disable</STRONG> (Thumb, 0 bytes, Stack size 0 bytes, rom_symbol.txt(ABSOLUTE))
<BR><BR>[Called By]<UL><LI><a href="#[d2]">&gt;&gt;</a>&nbsp;&nbsp;&nbsp;delay_us_dwt_patch
<LI><a href="#[397]">&gt;&gt;</a>&nbsp;&nbsp;&nbsp;i2c_wait_on_flag_until_timeout
<LI><a href="#[357]">&gt;&gt;</a>&nbsp;&nbsp;&nbsp;i2c_slave_start_transmit
<LI><a href="#[356]">&gt;&gt;</a>&nbsp;&nbsp;&nbsp;i2c_slave_start_receive
</UL>

<P><STRONG><a name="[38f]"></a>hal_dwt_enable</STRONG> (Thumb, 0 bytes, Stack size 0 bytes, rom_symbol.txt(ABSOLUTE))
<BR><BR>[Called By]<UL><LI><a href="#[d2]">&gt;&gt;</a>&nbsp;&nbsp;&nbsp;delay_us_dwt_patch
<LI><a href="#[397]">&gt;&gt;</a>&nbsp;&nbsp;&nbsp;i2c_wait_on_flag_until_timeout
<LI><a href="#[357]">&gt;&gt;</a>&nbsp;&nbsp;&nbsp;i2c_slave_start_transmit
<LI><a href="#[356]">&gt;&gt;</a>&nbsp;&nbsp;&nbsp;i2c_slave_start_receive
</UL>

<P><STRONG><a name="[337]"></a>hal_efuse_deinit_ext</STRONG> (Thumb, 0 bytes, Stack size 0 bytes, rom_symbol.txt(ABSOLUTE))
<BR><BR>[Called By]<UL><LI><a href="#[2bc]">&gt;&gt;</a>&nbsp;&nbsp;&nbsp;hal_efuse_deinit
</UL>

<P><STRONG><a name="[2bf]"></a>hal_efuse_read</STRONG> (Thumb, 0 bytes, Stack size 0 bytes, rom_symbol.txt(ABSOLUTE))
<BR><BR>[Called By]<UL><LI><a href="#[ee]">&gt;&gt;</a>&nbsp;&nbsp;&nbsp;efuse_xo_offset_set_func
</UL>

<P><STRONG><a name="[336]"></a>hal_efuse_register_callback</STRONG> (Thumb, 0 bytes, Stack size 0 bytes, rom_symbol.txt(ABSOLUTE))
<BR><BR>[Called By]<UL><LI><a href="#[2bd]">&gt;&gt;</a>&nbsp;&nbsp;&nbsp;hal_efuse_init
<LI><a href="#[2bc]">&gt;&gt;</a>&nbsp;&nbsp;&nbsp;hal_efuse_deinit
</UL>

<P><STRONG><a name="[55d]"></a>hal_exflash_deepsleep</STRONG> (Thumb, 0 bytes, Stack size 0 bytes, rom_symbol.txt(ABSOLUTE), UNUSED)
<BR><BR>[Called By]<UL><LI><a href="#[55c]">&gt;&gt;</a>&nbsp;&nbsp;&nbsp;pwr_mgmt_ultra_sleep
</UL>

<P><STRONG><a name="[40d]"></a>hal_exflash_get_error</STRONG> (Thumb, 0 bytes, Stack size 0 bytes, rom_symbol.txt(ABSOLUTE))
<BR><BR>[Called By]<UL><LI><a href="#[241]">&gt;&gt;</a>&nbsp;&nbsp;&nbsp;write_item
<LI><a href="#[412]">&gt;&gt;</a>&nbsp;&nbsp;&nbsp;replace_item
<LI><a href="#[105]">&gt;&gt;</a>&nbsp;&nbsp;&nbsp;nvds_init_replace
</UL>

<P><STRONG><a name="[40e]"></a>hal_exflash_get_state</STRONG> (Thumb, 0 bytes, Stack size 0 bytes, rom_symbol.txt(ABSOLUTE))
<BR><BR>[Called By]<UL><LI><a href="#[241]">&gt;&gt;</a>&nbsp;&nbsp;&nbsp;write_item
<LI><a href="#[412]">&gt;&gt;</a>&nbsp;&nbsp;&nbsp;replace_item
<LI><a href="#[105]">&gt;&gt;</a>&nbsp;&nbsp;&nbsp;nvds_init_replace
</UL>

<P><STRONG><a name="[556]"></a>hal_exflash_init_ext</STRONG> (Thumb, 0 bytes, Stack size 0 bytes, rom_symbol.txt(ABSOLUTE))
<BR><BR>[Called By]<UL><LI><a href="#[112]">&gt;&gt;</a>&nbsp;&nbsp;&nbsp;pwr_mgmt_shutdown_local_patch
</UL>

<P><STRONG><a name="[579]"></a>hal_exflash_resume</STRONG> (Thumb, 0 bytes, Stack size 0 bytes, rom_symbol.txt(ABSOLUTE))
<BR><BR>[Called By]<UL><LI><a href="#[128]">&gt;&gt;</a>&nbsp;&nbsp;&nbsp;ble_irq_handler_without_stack_init
</UL>

<P><STRONG><a name="[578]"></a>hal_exflash_suspend</STRONG> (Thumb, 0 bytes, Stack size 0 bytes, rom_symbol.txt(ABSOLUTE))
<BR><BR>[Called By]<UL><LI><a href="#[128]">&gt;&gt;</a>&nbsp;&nbsp;&nbsp;ble_irq_handler_without_stack_init
</UL>

<P><STRONG><a name="[533]"></a>hal_gpio_exti_irq_handler</STRONG> (Thumb, 0 bytes, Stack size 0 bytes, rom_symbol.txt(ABSOLUTE))
<BR><BR>[Called By]<UL><LI><a href="#[bb]">&gt;&gt;</a>&nbsp;&nbsp;&nbsp;EXT0_IRQHandler
<LI><a href="#[bc]">&gt;&gt;</a>&nbsp;&nbsp;&nbsp;EXT1_IRQHandler
<LI><a href="#[be]">&gt;&gt;</a>&nbsp;&nbsp;&nbsp;EXT2_IRQHandler
</UL>

<P><STRONG><a name="[33c]"></a>hal_gpio_init_ext</STRONG> (Thumb, 0 bytes, Stack size 0 bytes, rom_symbol.txt(ABSOLUTE))
<BR><BR>[Called By]<UL><LI><a href="#[200]">&gt;&gt;</a>&nbsp;&nbsp;&nbsp;hal_gpio_init
</UL>

<P><STRONG><a name="[33b]"></a>hal_gpio_register_callback</STRONG> (Thumb, 0 bytes, Stack size 0 bytes, rom_symbol.txt(ABSOLUTE))
<BR><BR>[Called By]<UL><LI><a href="#[200]">&gt;&gt;</a>&nbsp;&nbsp;&nbsp;hal_gpio_init
</UL>

<P><STRONG><a name="[203]"></a>hal_gpio_write_pin</STRONG> (Thumb, 0 bytes, Stack size 0 bytes, rom_symbol.txt(ABSOLUTE))
<BR><BR>[Called By]<UL><LI><a href="#[1dd]">&gt;&gt;</a>&nbsp;&nbsp;&nbsp;app_io_write_pin
</UL>

<P><STRONG><a name="[345]"></a>hal_i2c_register_callback</STRONG> (Thumb, 0 bytes, Stack size 0 bytes, rom_symbol.txt(ABSOLUTE))
<BR><BR>[Called By]<UL><LI><a href="#[1f5]">&gt;&gt;</a>&nbsp;&nbsp;&nbsp;hal_i2c_init
</UL>

<P><STRONG><a name="[359]"></a>hal_msio_init_ext</STRONG> (Thumb, 0 bytes, Stack size 0 bytes, rom_symbol.txt(ABSOLUTE))
<BR><BR>[Called By]<UL><LI><a href="#[202]">&gt;&gt;</a>&nbsp;&nbsp;&nbsp;hal_msio_init
</UL>

<P><STRONG><a name="[358]"></a>hal_msio_register_callback</STRONG> (Thumb, 0 bytes, Stack size 0 bytes, rom_symbol.txt(ABSOLUTE))
<BR><BR>[Called By]<UL><LI><a href="#[202]">&gt;&gt;</a>&nbsp;&nbsp;&nbsp;hal_msio_init
</UL>

<P><STRONG><a name="[205]"></a>hal_msio_write_pin</STRONG> (Thumb, 0 bytes, Stack size 0 bytes, rom_symbol.txt(ABSOLUTE))
<BR><BR>[Called By]<UL><LI><a href="#[1dd]">&gt;&gt;</a>&nbsp;&nbsp;&nbsp;app_io_write_pin
</UL>

<P><STRONG><a name="[1f8]"></a>hal_nvic_clear_pending_irq</STRONG> (Thumb, 0 bytes, Stack size 0 bytes, rom_symbol.txt(ABSOLUTE))
<BR><BR>[Called By]<UL><LI><a href="#[141]">&gt;&gt;</a>&nbsp;&nbsp;&nbsp;i2c_wake_up_ind
<LI><a href="#[1de]">&gt;&gt;</a>&nbsp;&nbsp;&nbsp;app_spi_init
<LI><a href="#[13f]">&gt;&gt;</a>&nbsp;&nbsp;&nbsp;spi_wake_up_ind
<LI><a href="#[13d]">&gt;&gt;</a>&nbsp;&nbsp;&nbsp;uart_wake_up_ind
<LI><a href="#[234]">&gt;&gt;</a>&nbsp;&nbsp;&nbsp;app_uart_init
<LI><a href="#[1f2]">&gt;&gt;</a>&nbsp;&nbsp;&nbsp;app_i2c_init
</UL>

<P><STRONG><a name="[1f9]"></a>hal_nvic_enable_irq</STRONG> (Thumb, 0 bytes, Stack size 0 bytes, rom_symbol.txt(ABSOLUTE))
<BR><BR>[Called By]<UL><LI><a href="#[141]">&gt;&gt;</a>&nbsp;&nbsp;&nbsp;i2c_wake_up_ind
<LI><a href="#[1de]">&gt;&gt;</a>&nbsp;&nbsp;&nbsp;app_spi_init
<LI><a href="#[13f]">&gt;&gt;</a>&nbsp;&nbsp;&nbsp;spi_wake_up_ind
<LI><a href="#[13d]">&gt;&gt;</a>&nbsp;&nbsp;&nbsp;uart_wake_up_ind
<LI><a href="#[234]">&gt;&gt;</a>&nbsp;&nbsp;&nbsp;app_uart_init
<LI><a href="#[1f2]">&gt;&gt;</a>&nbsp;&nbsp;&nbsp;app_i2c_init
</UL>

<P><STRONG><a name="[361]"></a>hal_pwr_config_timer_wakeup_ext</STRONG> (Thumb, 0 bytes, Stack size 0 bytes, rom_symbol.txt(ABSOLUTE))
<BR><BR>[Called By]<UL><LI><a href="#[35f]">&gt;&gt;</a>&nbsp;&nbsp;&nbsp;hal_sleep_timer_config_and_start
</UL>

<P><STRONG><a name="[555]"></a>hal_pwr_enter_chip_deepsleep</STRONG> (Thumb, 0 bytes, Stack size 0 bytes, rom_symbol.txt(ABSOLUTE))
<BR><BR>[Called By]<UL><LI><a href="#[112]">&gt;&gt;</a>&nbsp;&nbsp;&nbsp;pwr_mgmt_shutdown_local_patch
</UL>

<P><STRONG><a name="[394]"></a>hal_pwr_mgmt_clear_device_handle</STRONG> (Thumb, 0 bytes, Stack size 0 bytes, rom_symbol.txt(ABSOLUTE))
<BR><BR>[Called By]<UL><LI><a href="#[8a]">&gt;&gt;</a>&nbsp;&nbsp;&nbsp;i2c_updata_suspend_cb_local
</UL>

<P><STRONG><a name="[38c]"></a>hal_pwr_mgmt_clear_device_sleep_flag</STRONG> (Thumb, 0 bytes, Stack size 0 bytes, rom_symbol.txt(ABSOLUTE))
<BR><BR>[Called By]<UL><LI><a href="#[344]">&gt;&gt;</a>&nbsp;&nbsp;&nbsp;i2c_resume_before_using
</UL>

<P><STRONG><a name="[349]"></a>hal_pwr_mgmt_device_resume_register</STRONG> (Thumb, 0 bytes, Stack size 0 bytes, rom_symbol.txt(ABSOLUTE))
<BR><BR>[Called By]<UL><LI><a href="#[346]">&gt;&gt;</a>&nbsp;&nbsp;&nbsp;hal_i2c_init_ext
</UL>

<P><STRONG><a name="[343]"></a>hal_pwr_mgmt_device_resume_release</STRONG> (Thumb, 0 bytes, Stack size 0 bytes, rom_symbol.txt(ABSOLUTE))
<BR><BR>[Called By]<UL><LI><a href="#[33d]">&gt;&gt;</a>&nbsp;&nbsp;&nbsp;hal_i2c_deinit_ext
</UL>

<P><STRONG><a name="[395]"></a>hal_pwr_mgmt_device_suspend_register</STRONG> (Thumb, 0 bytes, Stack size 0 bytes, rom_symbol.txt(ABSOLUTE))
<BR><BR>[Called By]<UL><LI><a href="#[8a]">&gt;&gt;</a>&nbsp;&nbsp;&nbsp;i2c_updata_suspend_cb_local
</UL>

<P><STRONG><a name="[393]"></a>hal_pwr_mgmt_device_suspend_release</STRONG> (Thumb, 0 bytes, Stack size 0 bytes, rom_symbol.txt(ABSOLUTE))
<BR><BR>[Called By]<UL><LI><a href="#[8a]">&gt;&gt;</a>&nbsp;&nbsp;&nbsp;i2c_updata_suspend_cb_local
</UL>

<P><STRONG><a name="[396]"></a>hal_pwr_mgmt_save_device_handle</STRONG> (Thumb, 0 bytes, Stack size 0 bytes, rom_symbol.txt(ABSOLUTE))
<BR><BR>[Called By]<UL><LI><a href="#[8a]">&gt;&gt;</a>&nbsp;&nbsp;&nbsp;i2c_updata_suspend_cb_local
</UL>

<P><STRONG><a name="[38e]"></a>hal_pwr_mgmt_set_device_renew_flag</STRONG> (Thumb, 0 bytes, Stack size 0 bytes, rom_symbol.txt(ABSOLUTE))
<BR><BR>[Called By]<UL><LI><a href="#[348]">&gt;&gt;</a>&nbsp;&nbsp;&nbsp;i2c_set_renew_flag
</UL>

<P><STRONG><a name="[38d]"></a>hal_pwr_mgmt_set_device_state</STRONG> (Thumb, 0 bytes, Stack size 0 bytes, rom_symbol.txt(ABSOLUTE))
<BR><BR>[Called By]<UL><LI><a href="#[33f]">&gt;&gt;</a>&nbsp;&nbsp;&nbsp;i2c_set_device_state
</UL>

<P><STRONG><a name="[294]"></a>hal_pwr_mgmt_set_extra_device_state</STRONG> (Thumb, 0 bytes, Stack size 0 bytes, rom_symbol.txt(ABSOLUTE))
<BR><BR>[Called By]<UL><LI><a href="#[3fa]">&gt;&gt;</a>&nbsp;&nbsp;&nbsp;low_power_clock_calib_start
<LI><a href="#[2ca]">&gt;&gt;</a>&nbsp;&nbsp;&nbsp;hfosc_clk_calib_inner_start_new
<LI><a href="#[29b]">&gt;&gt;</a>&nbsp;&nbsp;&nbsp;clock_calib_state_clear
<LI><a href="#[293]">&gt;&gt;</a>&nbsp;&nbsp;&nbsp;boot_clock_calib_start
</UL>

<P><STRONG><a name="[360]"></a>hal_pwr_register_timer_elaspsed_handler</STRONG> (Thumb, 0 bytes, Stack size 0 bytes, rom_symbol.txt(ABSOLUTE))
<BR><BR>[Called By]<UL><LI><a href="#[35f]">&gt;&gt;</a>&nbsp;&nbsp;&nbsp;hal_sleep_timer_config_and_start
</UL>

<P><STRONG><a name="[1b3]"></a>hal_pwr_sleep_timer_irq_handler</STRONG> (Thumb, 0 bytes, Stack size 0 bytes, rom_symbol.txt(ABSOLUTE))
<BR><BR>[Called By]<UL><LI><a href="#[12c]">&gt;&gt;</a>&nbsp;&nbsp;&nbsp;SLPTIMER_IRQHandler
</UL>

<P><STRONG><a name="[35c]"></a>hal_rtc_deinit_ext</STRONG> (Thumb, 0 bytes, Stack size 0 bytes, rom_symbol.txt(ABSOLUTE))
<BR><BR>[Called By]<UL><LI><a href="#[35a]">&gt;&gt;</a>&nbsp;&nbsp;&nbsp;hal_rtc_deinit
</UL>

<P><STRONG><a name="[35e]"></a>hal_rtc_init_ext</STRONG> (Thumb, 0 bytes, Stack size 0 bytes, rom_symbol.txt(ABSOLUTE))
<BR><BR>[Called By]<UL><LI><a href="#[35d]">&gt;&gt;</a>&nbsp;&nbsp;&nbsp;hal_rtc_init
</UL>

<P><STRONG><a name="[539]"></a>hal_rtc_irq_handler</STRONG> (Thumb, 0 bytes, Stack size 0 bytes, rom_symbol.txt(ABSOLUTE))
<BR><BR>[Called By]<UL><LI><a href="#[132]">&gt;&gt;</a>&nbsp;&nbsp;&nbsp;RTC1_IRQHandler
</UL>

<P><STRONG><a name="[35b]"></a>hal_rtc_register_callback</STRONG> (Thumb, 0 bytes, Stack size 0 bytes, rom_symbol.txt(ABSOLUTE))
<BR><BR>[Called By]<UL><LI><a href="#[35d]">&gt;&gt;</a>&nbsp;&nbsp;&nbsp;hal_rtc_init
<LI><a href="#[35a]">&gt;&gt;</a>&nbsp;&nbsp;&nbsp;hal_rtc_deinit
</UL>

<P><STRONG><a name="[504]"></a>hal_rtc_set_tick_and_start</STRONG> (Thumb, 0 bytes, Stack size 0 bytes, rom_symbol.txt(ABSOLUTE))
<BR><BR>[Called By]<UL><LI><a href="#[502]">&gt;&gt;</a>&nbsp;&nbsp;&nbsp;vPortSetupTimerInterrupt
<LI><a href="#[53d]">&gt;&gt;</a>&nbsp;&nbsp;&nbsp;systick_compensate_restart
<LI><a href="#[53a]">&gt;&gt;</a>&nbsp;&nbsp;&nbsp;systick_sleep_timeout_set
</UL>

<P><STRONG><a name="[503]"></a>hal_rtc_stop_tick</STRONG> (Thumb, 0 bytes, Stack size 0 bytes, rom_symbol.txt(ABSOLUTE))
<BR><BR>[Called By]<UL><LI><a href="#[502]">&gt;&gt;</a>&nbsp;&nbsp;&nbsp;vPortSetupTimerInterrupt
<LI><a href="#[53a]">&gt;&gt;</a>&nbsp;&nbsp;&nbsp;systick_sleep_timeout_set
</UL>

<P><STRONG><a name="[3f3]"></a>hal_sleep_timer_get_current_value</STRONG> (Thumb, 0 bytes, Stack size 0 bytes, rom_symbol.txt(ABSOLUTE))
<BR><BR>[Called By]<UL><LI><a href="#[22b]">&gt;&gt;</a>&nbsp;&nbsp;&nbsp;low_level_timer_startup
<LI><a href="#[226]">&gt;&gt;</a>&nbsp;&nbsp;&nbsp;low_level_timer_rest_get
</UL>

<P><STRONG><a name="[3f8]"></a>hal_sleep_timer_status_get</STRONG> (Thumb, 0 bytes, Stack size 0 bytes, rom_symbol.txt(ABSOLUTE))
<BR><BR>[Called By]<UL><LI><a href="#[228]">&gt;&gt;</a>&nbsp;&nbsp;&nbsp;low_level_timer_stop
<LI><a href="#[22b]">&gt;&gt;</a>&nbsp;&nbsp;&nbsp;low_level_timer_startup
</UL>

<P><STRONG><a name="[3f9]"></a>hal_sleep_timer_stop</STRONG> (Thumb, 0 bytes, Stack size 0 bytes, rom_symbol.txt(ABSOLUTE))
<BR><BR>[Called By]<UL><LI><a href="#[228]">&gt;&gt;</a>&nbsp;&nbsp;&nbsp;low_level_timer_stop
</UL>

<P><STRONG><a name="[364]"></a>hal_spi_deinit_ext</STRONG> (Thumb, 0 bytes, Stack size 0 bytes, rom_symbol.txt(ABSOLUTE))
<BR><BR>[Called By]<UL><LI><a href="#[21a]">&gt;&gt;</a>&nbsp;&nbsp;&nbsp;hal_spi_deinit
</UL>

<P><STRONG><a name="[4e7]"></a>hal_spi_get_state</STRONG> (Thumb, 0 bytes, Stack size 0 bytes, rom_symbol.txt(ABSOLUTE))
<BR><BR>[Called By]<UL><LI><a href="#[13e]">&gt;&gt;</a>&nbsp;&nbsp;&nbsp;spi_prepare_for_sleep
</UL>

<P><STRONG><a name="[365]"></a>hal_spi_init_ext</STRONG> (Thumb, 0 bytes, Stack size 0 bytes, rom_symbol.txt(ABSOLUTE))
<BR><BR>[Called By]<UL><LI><a href="#[21b]">&gt;&gt;</a>&nbsp;&nbsp;&nbsp;hal_spi_init
</UL>

<P><STRONG><a name="[537]"></a>hal_spi_irq_handler</STRONG> (Thumb, 0 bytes, Stack size 0 bytes, rom_symbol.txt(ABSOLUTE))
<BR><BR>[Called By]<UL><LI><a href="#[c1]">&gt;&gt;</a>&nbsp;&nbsp;&nbsp;SPI_S_IRQHandler
<LI><a href="#[c2]">&gt;&gt;</a>&nbsp;&nbsp;&nbsp;SPI_M_IRQHandler
</UL>

<P><STRONG><a name="[363]"></a>hal_spi_register_callback</STRONG> (Thumb, 0 bytes, Stack size 0 bytes, rom_symbol.txt(ABSOLUTE))
<BR><BR>[Called By]<UL><LI><a href="#[21b]">&gt;&gt;</a>&nbsp;&nbsp;&nbsp;hal_spi_init
<LI><a href="#[21a]">&gt;&gt;</a>&nbsp;&nbsp;&nbsp;hal_spi_deinit
</UL>

[...]
<BR><BR>[Called By]<UL><LI><a href="#[1d0]">&gt;&gt;</a>&nbsp;&nbsp;&nbsp;ton_value_set
</UL>

<P><STRONG><a name="[4fa]"></a>ton_value_get_by_load_40mA_dcdc_1p25v</STRONG> (Thumb, 48 bytes, Stack size 0 bytes, platform_pmu.o(i.ton_value_get_by_load_40mA_dcdc_1p25v))
<BR><BR>[Called By]<UL><LI><a href="#[1d0]">&gt;&gt;</a>&nbsp;&nbsp;&nbsp;ton_value_set
</UL>

<P><STRONG><a name="[56a]"></a>__NVIC_EnableIRQ</STRONG> (Thumb, 26 bytes, Stack size 0 bytes, platform_sdk.o(i.__NVIC_EnableIRQ))
<BR><BR>[Called By]<UL><LI><a href="#[56d]">&gt;&gt;</a>&nbsp;&nbsp;&nbsp;warm_boot
<LI><a href="#[569]">&gt;&gt;</a>&nbsp;&nbsp;&nbsp;warm_boot_first
</UL>

<P><STRONG><a name="[405]"></a>mem_low_power_auto_init</STRONG> (Thumb, 152 bytes, Stack size 40 bytes, platform_sram.o(i.mem_low_power_auto_init))
<BR><BR>[Stack]<UL><LI>Max Depth = 60<LI>Call Chain = mem_low_power_auto_init &rArr; mem_pwr_mgmt_trans_addr_to_section
</UL>
<BR>[Calls]<UL><LI><a href="#[406]">&gt;&gt;</a>&nbsp;&nbsp;&nbsp;mem_pwr_mgmt_trans_addr_to_section
<LI><a href="#[1e3]">&gt;&gt;</a>&nbsp;&nbsp;&nbsp;__aeabi_memcpy
</UL>
<BR>[Called By]<UL><LI><a href="#[2ea]">&gt;&gt;</a>&nbsp;&nbsp;&nbsp;mem_pwr_mgmt_mode_set
</UL>

<P><STRONG><a name="[23c]"></a>append_item</STRONG> (Thumb, 232 bytes, Stack size 32 bytes, sdk_nvds_patch.o(i.append_item))
<BR><BR>[Stack]<UL><LI>Max Depth = 408<LI>Call Chain = append_item &rArr; init_used_nvds &rArr; gc_nvds &rArr; write_to_nvds &rArr; write_to_nvds_match_buffer &rArr; write_data_to_nvds &rArr; write_unwr_info
</UL>
<BR>[Calls]<UL><LI><a href="#[241]">&gt;&gt;</a>&nbsp;&nbsp;&nbsp;write_item
<LI><a href="#[240]">&gt;&gt;</a>&nbsp;&nbsp;&nbsp;init_used_nvds
<LI><a href="#[23f]">&gt;&gt;</a>&nbsp;&nbsp;&nbsp;gc_nvds
<LI><a href="#[23d]">&gt;&gt;</a>&nbsp;&nbsp;&nbsp;get_align_bytes
<LI><a href="#[23e]">&gt;&gt;</a>&nbsp;&nbsp;&nbsp;stack_raw_log_output
</UL>
<BR>[Called By]<UL><LI><a href="#[412]">&gt;&gt;</a>&nbsp;&nbsp;&nbsp;replace_item
<LI><a href="#[106]">&gt;&gt;</a>&nbsp;&nbsp;&nbsp;nvds_put_replace
</UL>

<P><STRONG><a name="[2a9]"></a>conti_read_sector</STRONG> (Thumb, 98 bytes, Stack size 32 bytes, sdk_nvds_patch.o(i.conti_read_sector))
<BR><BR>[Stack]<UL><LI>Max Depth = 32<LI>Call Chain = conti_read_sector
</UL>
<BR>[Calls]<UL><LI><a href="#[2aa]">&gt;&gt;</a>&nbsp;&nbsp;&nbsp;dec_flash_read
</UL>
<BR>[Called By]<UL><LI><a href="#[398]">&gt;&gt;</a>&nbsp;&nbsp;&nbsp;is_power_loss
</UL>

<P><STRONG><a name="[2e4]"></a>find_first_del_item</STRONG> (Thumb, 96 bytes, Stack size 32 bytes, sdk_nvds_patch.o(i.find_first_del_item))
<BR><BR>[Stack]<UL><LI>Max Depth = 32<LI>Call Chain = find_first_del_item
</UL>
<BR>[Calls]<UL><LI><a href="#[2e7]">&gt;&gt;</a>&nbsp;&nbsp;&nbsp;get_next_addr
<LI><a href="#[23d]">&gt;&gt;</a>&nbsp;&nbsp;&nbsp;get_align_bytes
<LI><a href="#[2e6]">&gt;&gt;</a>&nbsp;&nbsp;&nbsp;local_flash_trunc_read
<LI><a href="#[2e5]">&gt;&gt;</a>&nbsp;&nbsp;&nbsp;local_flash_set_security
</UL>
<BR>[Called By]<UL><LI><a href="#[23f]">&gt;&gt;</a>&nbsp;&nbsp;&nbsp;gc_nvds
</UL>

<P><STRONG><a name="[23f]"></a>gc_nvds</STRONG> (Thumb, 644 bytes, Stack size 88 bytes, sdk_nvds_patch.o(i.gc_nvds))
<BR><BR>[Stack]<UL><LI>Max Depth = 312<LI>Call Chain = gc_nvds &rArr; write_to_nvds &rArr; write_to_nvds_match_buffer &rArr; write_data_to_nvds &rArr; write_unwr_info
</UL>
<BR>[Calls]<UL><LI><a href="#[324]">&gt;&gt;</a>&nbsp;&nbsp;&nbsp;write_to_nvds
<LI><a href="#[326]">&gt;&gt;</a>&nbsp;&nbsp;&nbsp;write_to_gc_match_buffer
<LI><a href="#[2e4]">&gt;&gt;</a>&nbsp;&nbsp;&nbsp;find_first_del_item
<LI><a href="#[23d]">&gt;&gt;</a>&nbsp;&nbsp;&nbsp;get_align_bytes
<LI><a href="#[328]">&gt;&gt;</a>&nbsp;&nbsp;&nbsp;dec_flash_write
<LI><a href="#[327]">&gt;&gt;</a>&nbsp;&nbsp;&nbsp;write_to_gc
<LI><a href="#[325]">&gt;&gt;</a>&nbsp;&nbsp;&nbsp;tags_cache_clean
<LI><a href="#[323]">&gt;&gt;</a>&nbsp;&nbsp;&nbsp;local_flash_erase
<LI><a href="#[2aa]">&gt;&gt;</a>&nbsp;&nbsp;&nbsp;dec_flash_read
</UL>
<BR>[Called By]<UL><LI><a href="#[240]">&gt;&gt;</a>&nbsp;&nbsp;&nbsp;init_used_nvds
<LI><a href="#[23c]">&gt;&gt;</a>&nbsp;&nbsp;&nbsp;append_item
</UL>

<P><STRONG><a name="[240]"></a>init_used_nvds</STRONG> (Thumb, 370 bytes, Stack size 64 bytes, sdk_nvds_patch.o(i.init_used_nvds))
<BR><BR>[Stack]<UL><LI>Max Depth = 376<LI>Call Chain = init_used_nvds &rArr; gc_nvds &rArr; write_to_nvds &rArr; write_to_nvds_match_buffer &rArr; write_data_to_nvds &rArr; write_unwr_info
</UL>
<BR>[Calls]<UL><LI><a href="#[398]">&gt;&gt;</a>&nbsp;&nbsp;&nbsp;is_power_loss
<LI><a href="#[23f]">&gt;&gt;</a>&nbsp;&nbsp;&nbsp;gc_nvds
<LI><a href="#[2e7]">&gt;&gt;</a>&nbsp;&nbsp;&nbsp;get_next_addr
<LI><a href="#[23d]">&gt;&gt;</a>&nbsp;&nbsp;&nbsp;get_align_bytes
<LI><a href="#[23e]">&gt;&gt;</a>&nbsp;&nbsp;&nbsp;stack_raw_log_output
<LI><a href="#[2e6]">&gt;&gt;</a>&nbsp;&nbsp;&nbsp;local_flash_trunc_read
<LI><a href="#[2e5]">&gt;&gt;</a>&nbsp;&nbsp;&nbsp;local_flash_set_security
<LI><a href="#[399]">&gt;&gt;</a>&nbsp;&nbsp;&nbsp;verify_hdr_checksum
<LI><a href="#[39a]">&gt;&gt;</a>&nbsp;&nbsp;&nbsp;tags_cache_rec_add
</UL>
<BR>[Called By]<UL><LI><a href="#[105]">&gt;&gt;</a>&nbsp;&nbsp;&nbsp;nvds_init_replace
<LI><a href="#[23c]">&gt;&gt;</a>&nbsp;&nbsp;&nbsp;append_item
</UL>

<P><STRONG><a name="[398]"></a>is_power_loss</STRONG> (Thumb, 518 bytes, Stack size 56 bytes, sdk_nvds_patch.o(i.is_power_loss))
<BR><BR>[Stack]<UL><LI>Max Depth = 88<LI>Call Chain = is_power_loss &rArr; conti_read_sector
</UL>
<BR>[Calls]<UL><LI><a href="#[2a9]">&gt;&gt;</a>&nbsp;&nbsp;&nbsp;conti_read_sector
<LI><a href="#[2e7]">&gt;&gt;</a>&nbsp;&nbsp;&nbsp;get_next_addr
<LI><a href="#[23d]">&gt;&gt;</a>&nbsp;&nbsp;&nbsp;get_align_bytes
<LI><a href="#[39b]">&gt;&gt;</a>&nbsp;&nbsp;&nbsp;dec_flash_trunc_read
<LI><a href="#[2aa]">&gt;&gt;</a>&nbsp;&nbsp;&nbsp;dec_flash_read
</UL>
<BR>[Called By]<UL><LI><a href="#[240]">&gt;&gt;</a>&nbsp;&nbsp;&nbsp;init_used_nvds
</UL>

<P><STRONG><a name="[105]"></a>nvds_init_replace</STRONG> (Thumb, 244 bytes, Stack size 72 bytes, sdk_nvds_patch.o(i.nvds_init_replace))
<BR><BR>[Stack]<UL><LI>Max Depth = 448<LI>Call Chain = nvds_init_replace &rArr; init_used_nvds &rArr; gc_nvds &rArr; write_to_nvds &rArr; write_to_nvds_match_buffer &rArr; write_data_to_nvds &rArr; write_unwr_info
</UL>
<BR>[Calls]<UL><LI><a href="#[240]">&gt;&gt;</a>&nbsp;&nbsp;&nbsp;init_used_nvds
<LI><a href="#[1c6]">&gt;&gt;</a>&nbsp;&nbsp;&nbsp;__aeabi_memclr4
<LI><a href="#[321]">&gt;&gt;</a>&nbsp;&nbsp;&nbsp;memcmp
<LI><a href="#[23e]">&gt;&gt;</a>&nbsp;&nbsp;&nbsp;stack_raw_log_output
<LI><a href="#[40e]">&gt;&gt;</a>&nbsp;&nbsp;&nbsp;hal_exflash_get_state
<LI><a href="#[40d]">&gt;&gt;</a>&nbsp;&nbsp;&nbsp;hal_exflash_get_error
<LI><a href="#[40c]">&gt;&gt;</a>&nbsp;&nbsp;&nbsp;local_flash_get_security
<LI><a href="#[40b]">&gt;&gt;</a>&nbsp;&nbsp;&nbsp;local_flash_get_info
<LI><a href="#[40f]">&gt;&gt;</a>&nbsp;&nbsp;&nbsp;init_unused_nvds
<LI><a href="#[2aa]">&gt;&gt;</a>&nbsp;&nbsp;&nbsp;dec_flash_read
</UL>
<BR>[Address Reference Count : 1]<UL><LI> sdk_nvds_patch.o(i.nvds_replace)
</UL>
<P><STRONG><a name="[106]"></a>nvds_put_replace</STRONG> (Thumb, 212 bytes, Stack size 48 bytes, sdk_nvds_patch.o(i.nvds_put_replace))
<BR><BR>[Stack]<UL><LI>Max Depth = 528<LI>Call Chain = nvds_put_replace &rArr; replace_item &rArr; append_item &rArr; init_used_nvds &rArr; gc_nvds &rArr; write_to_nvds &rArr; write_to_nvds_match_buffer &rArr; write_data_to_nvds &rArr; write_unwr_info
</UL>
<BR>[Calls]<UL><LI><a href="#[412]">&gt;&gt;</a>&nbsp;&nbsp;&nbsp;replace_item
<LI><a href="#[23c]">&gt;&gt;</a>&nbsp;&nbsp;&nbsp;append_item
<LI><a href="#[411]">&gt;&gt;</a>&nbsp;&nbsp;&nbsp;is_item_same
<LI><a href="#[2e7]">&gt;&gt;</a>&nbsp;&nbsp;&nbsp;get_next_addr
<LI><a href="#[410]">&gt;&gt;</a>&nbsp;&nbsp;&nbsp;find_item
<LI><a href="#[39b]">&gt;&gt;</a>&nbsp;&nbsp;&nbsp;dec_flash_trunc_read
<LI><a href="#[23e]">&gt;&gt;</a>&nbsp;&nbsp;&nbsp;stack_raw_log_output
<LI><a href="#[399]">&gt;&gt;</a>&nbsp;&nbsp;&nbsp;verify_hdr_checksum
</UL>
<BR>[Address Reference Count : 1]<UL><LI> sdk_nvds_patch.o(i.nvds_replace)
</UL>
<P><STRONG><a name="[412]"></a>replace_item</STRONG> (Thumb, 170 bytes, Stack size 72 bytes, sdk_nvds_patch.o(i.replace_item))
<BR><BR>[Stack]<UL><LI>Max Depth = 480<LI>Call Chain = replace_item &rArr; append_item &rArr; init_used_nvds &rArr; gc_nvds &rArr; write_to_nvds &rArr; write_to_nvds_match_buffer &rArr; write_data_to_nvds &rArr; write_unwr_info
</UL>
<BR>[Calls]<UL><LI><a href="#[23c]">&gt;&gt;</a>&nbsp;&nbsp;&nbsp;append_item
<LI><a href="#[23d]">&gt;&gt;</a>&nbsp;&nbsp;&nbsp;get_align_bytes
<LI><a href="#[4b9]">&gt;&gt;</a>&nbsp;&nbsp;&nbsp;dec_flash_trunc_write
<LI><a href="#[39b]">&gt;&gt;</a>&nbsp;&nbsp;&nbsp;dec_flash_trunc_read
<LI><a href="#[23e]">&gt;&gt;</a>&nbsp;&nbsp;&nbsp;stack_raw_log_output
<LI><a href="#[40e]">&gt;&gt;</a>&nbsp;&nbsp;&nbsp;hal_exflash_get_state
<LI><a href="#[40d]">&gt;&gt;</a>&nbsp;&nbsp;&nbsp;hal_exflash_get_error
<LI><a href="#[4ba]">&gt;&gt;</a>&nbsp;&nbsp;&nbsp;tags_cache_rec_del
</UL>
<BR>[Called By]<UL><LI><a href="#[106]">&gt;&gt;</a>&nbsp;&nbsp;&nbsp;nvds_put_replace
</UL>

<P><STRONG><a name="[50c]"></a>write_data_to_nvds</STRONG> (Thumb, 90 bytes, Stack size 48 bytes, sdk_nvds_patch.o(i.write_data_to_nvds))
<BR><BR>[Stack]<UL><LI>Max Depth = 96<LI>Call Chain = write_data_to_nvds &rArr; write_unwr_info
</UL>
<BR>[Calls]<UL><LI><a href="#[50d]">&gt;&gt;</a>&nbsp;&nbsp;&nbsp;write_unwr_info
<LI><a href="#[50e]">&gt;&gt;</a>&nbsp;&nbsp;&nbsp;local_flash_trunc_write_incr
<LI><a href="#[2e6]">&gt;&gt;</a>&nbsp;&nbsp;&nbsp;local_flash_trunc_read
</UL>
<BR>[Called By]<UL><LI><a href="#[514]">&gt;&gt;</a>&nbsp;&nbsp;&nbsp;write_to_nvds_match_buffer
</UL>

<P><STRONG><a name="[241]"></a>write_item</STRONG> (Thumb, 578 bytes, Stack size 104 bytes, sdk_nvds_patch.o(i.write_item))
<BR><BR>[Stack]<UL><LI>Max Depth = 104<LI>Call Chain = write_item
</UL>
<BR>[Calls]<UL><LI><a href="#[512]">&gt;&gt;</a>&nbsp;&nbsp;&nbsp;local_flash_trunc_write_r
<LI><a href="#[511]">&gt;&gt;</a>&nbsp;&nbsp;&nbsp;is_truncated
<LI><a href="#[23d]">&gt;&gt;</a>&nbsp;&nbsp;&nbsp;get_align_bytes
<LI><a href="#[510]">&gt;&gt;</a>&nbsp;&nbsp;&nbsp;gen_value_checksum
<LI><a href="#[50f]">&gt;&gt;</a>&nbsp;&nbsp;&nbsp;gen_hdr_checksum
<LI><a href="#[328]">&gt;&gt;</a>&nbsp;&nbsp;&nbsp;dec_flash_write
<LI><a href="#[4b9]">&gt;&gt;</a>&nbsp;&nbsp;&nbsp;dec_flash_trunc_write
<LI><a href="#[23e]">&gt;&gt;</a>&nbsp;&nbsp;&nbsp;stack_raw_log_output
<LI><a href="#[40e]">&gt;&gt;</a>&nbsp;&nbsp;&nbsp;hal_exflash_get_state
<LI><a href="#[40d]">&gt;&gt;</a>&nbsp;&nbsp;&nbsp;hal_exflash_get_error
<LI><a href="#[39a]">&gt;&gt;</a>&nbsp;&nbsp;&nbsp;tags_cache_rec_add
</UL>
<BR>[Called By]<UL><LI><a href="#[23c]">&gt;&gt;</a>&nbsp;&nbsp;&nbsp;append_item
</UL>

<P><STRONG><a name="[326]"></a>write_to_gc_match_buffer</STRONG> (Thumb, 82 bytes, Stack size 32 bytes, sdk_nvds_patch.o(i.write_to_gc_match_buffer))
<BR><BR>[Stack]<UL><LI>Max Depth = 32<LI>Call Chain = write_to_gc_match_buffer
</UL>
<BR>[Calls]<UL><LI><a href="#[327]">&gt;&gt;</a>&nbsp;&nbsp;&nbsp;write_to_gc
</UL>
<BR>[Called By]<UL><LI><a href="#[23f]">&gt;&gt;</a>&nbsp;&nbsp;&nbsp;gc_nvds
</UL>

<P><STRONG><a name="[324]"></a>write_to_nvds</STRONG> (Thumb, 626 bytes, Stack size 88 bytes, sdk_nvds_patch.o(i.write_to_nvds))
<BR><BR>[Stack]<UL><LI>Max Depth = 224<LI>Call Chain = write_to_nvds &rArr; write_to_nvds_match_buffer &rArr; write_data_to_nvds &rArr; write_unwr_info
</UL>
<BR>[Calls]<UL><LI><a href="#[50d]">&gt;&gt;</a>&nbsp;&nbsp;&nbsp;write_unwr_info
<LI><a href="#[514]">&gt;&gt;</a>&nbsp;&nbsp;&nbsp;write_to_nvds_match_buffer
<LI><a href="#[23d]">&gt;&gt;</a>&nbsp;&nbsp;&nbsp;get_align_bytes
<LI><a href="#[328]">&gt;&gt;</a>&nbsp;&nbsp;&nbsp;dec_flash_write
<LI><a href="#[323]">&gt;&gt;</a>&nbsp;&nbsp;&nbsp;local_flash_erase
<LI><a href="#[513]">&gt;&gt;</a>&nbsp;&nbsp;&nbsp;dec_flash_write_incr
<LI><a href="#[2aa]">&gt;&gt;</a>&nbsp;&nbsp;&nbsp;dec_flash_read
</UL>
<BR>[Called By]<UL><LI><a href="#[23f]">&gt;&gt;</a>&nbsp;&nbsp;&nbsp;gc_nvds
</UL>

<P><STRONG><a name="[514]"></a>write_to_nvds_match_buffer</STRONG> (Thumb, 94 bytes, Stack size 40 bytes, sdk_nvds_patch.o(i.write_to_nvds_match_buffer))
<BR><BR>[Stack]<UL><LI>Max Depth = 136<LI>Call Chain = write_to_nvds_match_buffer &rArr; write_data_to_nvds &rArr; write_unwr_info
</UL>
<BR>[Calls]<UL><LI><a href="#[50c]">&gt;&gt;</a>&nbsp;&nbsp;&nbsp;write_data_to_nvds
</UL>
<BR>[Called By]<UL><LI><a href="#[324]">&gt;&gt;</a>&nbsp;&nbsp;&nbsp;write_to_nvds
</UL>

<P><STRONG><a name="[50d]"></a>write_unwr_info</STRONG> (Thumb, 138 bytes, Stack size 48 bytes, sdk_nvds_patch.o(i.write_unwr_info))
<BR><BR>[Stack]<UL><LI>Max Depth = 48<LI>Call Chain = write_unwr_info
</UL>
<BR>[Calls]<UL><LI><a href="#[23d]">&gt;&gt;</a>&nbsp;&nbsp;&nbsp;get_align_bytes
<LI><a href="#[328]">&gt;&gt;</a>&nbsp;&nbsp;&nbsp;dec_flash_write
</UL>
<BR>[Called By]<UL><LI><a href="#[324]">&gt;&gt;</a>&nbsp;&nbsp;&nbsp;write_to_nvds
<LI><a href="#[50c]">&gt;&gt;</a>&nbsp;&nbsp;&nbsp;write_data_to_nvds
</UL>

<P><STRONG><a name="[2c2]"></a>em_freq_table_init</STRONG> (Thumb, 10 bytes, Stack size 0 bytes, rf_gdx_bali_b1_patch.o(i.em_freq_table_init))
<BR><BR>[Calls]<UL><LI><a href="#[1e3]">&gt;&gt;</a>&nbsp;&nbsp;&nbsp;__aeabi_memcpy
</UL>
<BR>[Called By]<UL><LI><a href="#[4c2]">&gt;&gt;</a>&nbsp;&nbsp;&nbsp;rf_init
</UL>

<P><STRONG><a name="[11f]"></a>rf_lcp_hopping_table_reinit_patch</STRONG> (Thumb, 274 bytes, Stack size 28 bytes, rf_gdx_bali_b1_patch.o(i.rf_lcp_hopping_table_reinit_patch))
<BR><BR>[Stack]<UL><LI>Max Depth = 28<LI>Call Chain = rf_lcp_hopping_table_reinit_patch
</UL>
<BR>[Address Reference Count : 1]<UL><LI> rf_gdx_bali_b1_patch.o(i.rf_lcp_api_init_patch)
</UL>
<P><STRONG><a name="[4c9]"></a>rf_lcp_sx_enable</STRONG> (Thumb, 60 bytes, Stack size 0 bytes, rf_gdx_bali_b1_patch.o(i.rf_lcp_sx_enable))
<BR><BR>[Called By]<UL><LI><a href="#[11e]">&gt;&gt;</a>&nbsp;&nbsp;&nbsp;rf_lcp_sx_init_patch
</UL>

<P><STRONG><a name="[11e]"></a>rf_lcp_sx_init_patch</STRONG> (Thumb, 42 bytes, Stack size 8 bytes, rf_gdx_bali_b1_patch.o(i.rf_lcp_sx_init_patch))
<BR><BR>[Stack]<UL><LI>Max Depth = 20<LI>Call Chain = rf_lcp_sx_init_patch &rArr; rf_lcp_sx_tune
</UL>
<BR>[Calls]<UL><LI><a href="#[1c1]">&gt;&gt;</a>&nbsp;&nbsp;&nbsp;delay_us
<LI><a href="#[428]">&gt;&gt;</a>&nbsp;&nbsp;&nbsp;rf_lcp_sx_tune
<LI><a href="#[4ca]">&gt;&gt;</a>&nbsp;&nbsp;&nbsp;rf_lcp_sx_reset
<LI><a href="#[4cb]">&gt;&gt;</a>&nbsp;&nbsp;&nbsp;rf_lcp_sx_output
<LI><a href="#[4c9]">&gt;&gt;</a>&nbsp;&nbsp;&nbsp;rf_lcp_sx_enable
</UL>
<BR>[Address Reference Count : 1]<UL><LI> rf_gdx_bali_b1_patch.o(i.rf_lcp_api_init_patch)
</UL>
<P><STRONG><a name="[4cb]"></a>rf_lcp_sx_output</STRONG> (Thumb, 46 bytes, Stack size 8 bytes, rf_gdx_bali_b1_patch.o(i.rf_lcp_sx_output))
<BR><BR>[Stack]<UL><LI>Max Depth = 8<LI>Call Chain = rf_lcp_sx_output
</UL>
<BR>[Calls]<UL><LI><a href="#[2c1]">&gt;&gt;</a>&nbsp;&nbsp;&nbsp;assert_err
</UL>
<BR>[Called By]<UL><LI><a href="#[11e]">&gt;&gt;</a>&nbsp;&nbsp;&nbsp;rf_lcp_sx_init_patch
</UL>

<P><STRONG><a name="[4ca]"></a>rf_lcp_sx_reset</STRONG> (Thumb, 44 bytes, Stack size 0 bytes, rf_gdx_bali_b1_patch.o(i.rf_lcp_sx_reset))
<BR><BR>[Called By]<UL><LI><a href="#[11e]">&gt;&gt;</a>&nbsp;&nbsp;&nbsp;rf_lcp_sx_init_patch
</UL>

<P><STRONG><a name="[117]"></a>rf_reset</STRONG> (Thumb, 2 bytes, Stack size 0 bytes, rf_gdx_bali_b1_patch.o(i.rf_reset))
<BR>[Address Reference Count : 1]<UL><LI> rf_gdx_bali_b1_patch.o(i.rf_api_init)
</UL>
<P><STRONG><a name="[118]"></a>rf_rssi_convert</STRONG> (Thumb, 4 bytes, Stack size 0 bytes, rf_gdx_bali_b1_patch.o(i.rf_rssi_convert))
<BR>[Address Reference Count : 1]<UL><LI> rf_gdx_bali_b1_patch.o(i.rf_api_init)
</UL>
<P><STRONG><a name="[270]"></a>__NVIC_ClearPendingIRQ</STRONG> (Thumb, 26 bytes, Stack size 0 bytes, rwip_sleep_common.o(i.__NVIC_ClearPendingIRQ))
<BR><BR>[Called By]<UL><LI><a href="#[127]">&gt;&gt;</a>&nbsp;&nbsp;&nbsp;ble_pwr_on_handler_without_stack_init
<LI><a href="#[1af]">&gt;&gt;</a>&nbsp;&nbsp;&nbsp;ble_irq_clear
<LI><a href="#[129]">&gt;&gt;</a>&nbsp;&nbsp;&nbsp;ble_sdk_handler_without_stack_init
</UL>

<P><STRONG><a name="[577]"></a>__NVIC_DisableIRQ</STRONG> (Thumb, 34 bytes, Stack size 0 bytes, rwip_sleep_common.o(i.__NVIC_DisableIRQ))
<BR><BR>[Called By]<UL><LI><a href="#[129]">&gt;&gt;</a>&nbsp;&nbsp;&nbsp;ble_sdk_handler_without_stack_init
<LI><a href="#[108]">&gt;&gt;</a>&nbsp;&nbsp;&nbsp;BLESLP_IRQHandler
</UL>

<P><STRONG><a name="[e1]"></a>gapm_adv_check_param_func_patch</STRONG> (Thumb, 428 bytes, Stack size 24 bytes, gapm_adv_patch.o(i.gapm_adv_check_param_func_patch))
<BR><BR>[Stack]<UL><LI>Max Depth = 24<LI>Call Chain = gapm_adv_check_param_func_patch
</UL>
<BR>[Calls]<UL><LI><a href="#[23e]">&gt;&gt;</a>&nbsp;&nbsp;&nbsp;stack_raw_log_output
</UL>
<BR>[Address Reference Count : 1]<UL><LI> gapm_adv_patch.o(i.gapm_adv_replace)
</UL>
<P><STRONG><a name="[e3]"></a>gapm_per_sync_stop_patch</STRONG> (Thumb, 122 bytes, Stack size 24 bytes, gapm_per_sync_patch.o(i.gapm_per_sync_stop_patch))
<BR><BR>[Stack]<UL><LI>Max Depth = 24<LI>Call Chain = gapm_per_sync_stop_patch
</UL>
<BR>[Calls]<UL><LI><a href="#[318]">&gt;&gt;</a>&nbsp;&nbsp;&nbsp;gapm_per_sync_send_hci_le_per_adv_term_sync_cmd
<LI><a href="#[319]">&gt;&gt;</a>&nbsp;&nbsp;&nbsp;gapm_per_sync_send_hci_le_per_adv_create_sync_cancel_cmd
<LI><a href="#[31b]">&gt;&gt;</a>&nbsp;&nbsp;&nbsp;gapm_per_adv_sync_trans_param_send
<LI><a href="#[31a]">&gt;&gt;</a>&nbsp;&nbsp;&nbsp;gapc_get_conhdl
</UL>
<BR>[Address Reference Count : 1]<UL><LI> gapm_per_sync_patch.o(i.gapm_per_sync_create_patch)
</UL>
<P><STRONG><a name="[581]"></a>ll_xqspi_disable_cache</STRONG> (Thumb, 28 bytes, Stack size 0 bytes, gr55xx_ll_xqspi_patch.o(RAM_CODE))
<BR><BR>[Called By]<UL><LI><a href="#[10f]">&gt;&gt;</a>&nbsp;&nbsp;&nbsp;ll_xqspi_init_patch
</UL>

<P><STRONG><a name="[335]"></a>ll_clk_select_source</STRONG> (Thumb, 24 bytes, Stack size 0 bytes, gr55xx_hal_clock_patch.o(i.ll_clk_select_source))
<BR><BR>[Called By]<UL><LI><a href="#[332]">&gt;&gt;</a>&nbsp;&nbsp;&nbsp;hal_clock_switch_sys_clk_to_hf_osc_patch
</UL>

<P><STRONG><a name="[339]"></a>ll_efuse_is_controller_power_flag</STRONG> (Thumb, 16 bytes, Stack size 0 bytes, gr55xx_hal_efuse_patch.o(i.ll_efuse_is_controller_power_flag))
<BR><BR>[Called By]<UL><LI><a href="#[2be]">&gt;&gt;</a>&nbsp;&nbsp;&nbsp;hal_efuse_write
</UL>

<P><STRONG><a name="[52d]"></a>_dadd1</STRONG> (Thumb, 0 bytes, Stack size unknown bytes, daddsub_clz.o(x$fpl$dadd), UNUSED)
<BR><BR>[Called By]<UL><LI><a href="#[52e]">&gt;&gt;</a>&nbsp;&nbsp;&nbsp;_dsub
<LI><a href="#[52c]">&gt;&gt;</a>&nbsp;&nbsp;&nbsp;_drsb
</UL>

<P><STRONG><a name="[521]"></a>_dsub1</STRONG> (Thumb, 0 bytes, Stack size unknown bytes, daddsub_clz.o(x$fpl$dsub), UNUSED)
<BR><BR>[Called By]<UL><LI><a href="#[52c]">&gt;&gt;</a>&nbsp;&nbsp;&nbsp;_drsb
<LI><a href="#[520]">&gt;&gt;</a>&nbsp;&nbsp;&nbsp;_dadd
</UL>

<P><STRONG><a name="[b1]"></a>_printf_input_char</STRONG> (Thumb, 10 bytes, Stack size 0 bytes, _printf_char_common.o(.text))
<BR>[Address Reference Count : 1]<UL><LI> _printf_char_common.o(.text)
</UL>
<P><STRONG><a name="[19d]"></a>_fp_digits</STRONG> (Thumb, 428 bytes, Stack size 96 bytes, _printf_fp_dec.o(.text))
<BR><BR>[Stack]<UL><LI>Max Depth = 216<LI>Call Chain = _fp_digits &rArr; _btod_etento &rArr; _btod_emul &rArr; _e2e
</UL>
<BR>[Calls]<UL><LI><a href="#[1a1]">&gt;&gt;</a>&nbsp;&nbsp;&nbsp;_btod_emul
<LI><a href="#[1a0]">&gt;&gt;</a>&nbsp;&nbsp;&nbsp;_btod_ediv
<LI><a href="#[19f]">&gt;&gt;</a>&nbsp;&nbsp;&nbsp;_btod_d2e
<LI><a href="#[19e]">&gt;&gt;</a>&nbsp;&nbsp;&nbsp;_btod_etento
<LI><a href="#[19b]">&gt;&gt;</a>&nbsp;&nbsp;&nbsp;_ll_udiv10
</UL>
<BR>[Called By]<UL><LI><a href="#[1a2]">&gt;&gt;</a>&nbsp;&nbsp;&nbsp;_printf_fp_dec_real
</UL>
<P>
<H3>
Undefined Global Symbols
</H3><HR></body></html>
